[preclinic.dreamstechnologies.com/html/template/index.html]
[preclinic.dreamstechnologies.com/html/template/assets/img/favicon.png]
[backblue.gif]
[fade.gif]
[index.html]
[preclinic.dreamstechnologies.com/html/template/assets/css/bootstrap.min.css]
[preclinic.dreamstechnologies.com/html/template/assets/plugins/fontawesome/css/fontawesome.min.css]
[preclinic.dreamstechnologies.com/html/template/assets/plugins/fontawesome/css/all.min.css]
[preclinic.dreamstechnologies.com/html/template/assets/plugins/datatables/datatables.min.css]
[preclinic.dreamstechnologies.com/html/template/assets/css/select2.min.css]
[preclinic.dreamstechnologies.com/html/template/assets/css/feather.css]
[preclinic.dreamstechnologies.com/html/template/assets/css/style.css]
[preclinic.dreamstechnologies.com/html/template/index-2.html]
[preclinic.dreamstechnologies.com/html/template/assets/img/logo.png]
[preclinic.dreamstechnologies.com/html/template/assets/img/icons/bar-icon.svg]
[preclinic.dreamstechnologies.com/html/template/assets/img/icons/search-normal.svg]
[preclinic.dreamstechnologies.com/html/template/assets/img/icons/note-icon-02.svg]
[preclinic.dreamstechnologies.com/html/template/activities.html]
[preclinic.dreamstechnologies.com/html/template/assets/img/user.jpg]
[preclinic.dreamstechnologies.com/html/template/assets/img/icons/note-icon-01.svg]
[preclinic.dreamstechnologies.com/html/template/assets/img/user-06.jpg]
[preclinic.dreamstechnologies.com/html/template/profile.html]
[preclinic.dreamstechnologies.com/html/template/edit-profile.html]
[preclinic.dreamstechnologies.com/html/template/settings.html]
[preclinic.dreamstechnologies.com/html/template/login.html]
[preclinic.dreamstechnologies.com/html/template/assets/img/icons/setting-icon-01.svg]
[preclinic.dreamstechnologies.com/html/template/assets/img/icons/menu-icon-01.svg]
[preclinic.dreamstechnologies.com/html/template/doctor-dashboard.html]
[preclinic.dreamstechnologies.com/html/template/patient-dashboard.html]
[preclinic.dreamstechnologies.com/html/template/assets/img/icons/menu-icon-02.svg]
[preclinic.dreamstechnologies.com/html/template/doctors.html]
[preclinic.dreamstechnologies.com/html/template/add-doctor.html]
[preclinic.dreamstechnologies.com/html/template/edit-doctor.html]
[preclinic.dreamstechnologies.com/html/template/doctor-profile.html]
[preclinic.dreamstechnologies.com/html/template/assets/img/icons/menu-icon-03.svg]
[preclinic.dreamstechnologies.com/html/template/patients.html]
[preclinic.dreamstechnologies.com/html/template/add-patient.html]
[preclinic.dreamstechnologies.com/html/template/edit-patient.html]
[preclinic.dreamstechnologies.com/html/template/patient-profile.html]
[preclinic.dreamstechnologies.com/html/template/assets/img/icons/menu-icon-08.svg]
[preclinic.dreamstechnologies.com/html/template/staff-list.html]
[preclinic.dreamstechnologies.com/html/template/add-staff.html]
[preclinic.dreamstechnologies.com/html/template/staff-profile.html]
[preclinic.dreamstechnologies.com/html/template/staff-leave.html]
[preclinic.dreamstechnologies.com/html/template/staff-holiday.html]
[preclinic.dreamstechnologies.com/html/template/staff-attendance.html]
[preclinic.dreamstechnologies.com/html/template/assets/img/icons/menu-icon-04.svg]
[preclinic.dreamstechnologies.com/html/template/appointments.html]
[preclinic.dreamstechnologies.com/html/template/add-appointment.html]
[preclinic.dreamstechnologies.com/html/template/edit-appointment.html]
[preclinic.dreamstechnologies.com/html/template/assets/img/icons/menu-icon-05.svg]
[preclinic.dreamstechnologies.com/html/template/schedule.html]
[preclinic.dreamstechnologies.com/html/template/add-schedule.html]
[preclinic.dreamstechnologies.com/html/template/edit-schedule.html]
[preclinic.dreamstechnologies.com/html/template/assets/img/icons/menu-icon-06.svg]
[preclinic.dreamstechnologies.com/html/template/departments.html]
[preclinic.dreamstechnologies.com/html/template/add-department.html]
[preclinic.dreamstechnologies.com/html/template/edit-department.html]
[preclinic.dreamstechnologies.com/html/template/assets/img/icons/menu-icon-07.svg]
[preclinic.dreamstechnologies.com/html/template/invoices.html]
[preclinic.dreamstechnologies.com/html/template/payments.html]
[preclinic.dreamstechnologies.com/html/template/expenses.html]
[preclinic.dreamstechnologies.com/html/template/taxes.html]
[preclinic.dreamstechnologies.com/html/template/provident-fund.html]
[preclinic.dreamstechnologies.com/html/template/assets/img/icons/menu-icon-09.svg]
[preclinic.dreamstechnologies.com/html/template/salary.html]
[preclinic.dreamstechnologies.com/html/template/salary-view.html]
[preclinic.dreamstechnologies.com/html/template/chat.html]
[preclinic.dreamstechnologies.com/html/template/assets/img/icons/menu-icon-10.svg]
[preclinic.dreamstechnologies.com/html/template/assets/img/icons/menu-icon-11.svg]
[preclinic.dreamstechnologies.com/html/template/voice-call.html]
[preclinic.dreamstechnologies.com/html/template/video-call.html]
[preclinic.dreamstechnologies.com/html/template/incoming-call.html]
[preclinic.dreamstechnologies.com/html/template/assets/img/icons/menu-icon-12.svg]
[preclinic.dreamstechnologies.com/html/template/compose.html]
[preclinic.dreamstechnologies.com/html/template/inbox.html]
[preclinic.dreamstechnologies.com/html/template/mail-view.html]
[preclinic.dreamstechnologies.com/html/template/assets/img/icons/menu-icon-13.svg]
[preclinic.dreamstechnologies.com/html/template/blog.html]
[preclinic.dreamstechnologies.com/html/template/blog-details.html]
[preclinic.dreamstechnologies.com/html/template/add-blog.html]
[preclinic.dreamstechnologies.com/html/template/edit-blog.html]
[preclinic.dreamstechnologies.com/html/template/assets.html]
[preclinic.dreamstechnologies.com/html/template/assets/img/icons/menu-icon-14.svg]
[preclinic.dreamstechnologies.com/html/template/expense-reports.html]
[preclinic.dreamstechnologies.com/html/template/invoice-reports.html]
[preclinic.dreamstechnologies.com/html/template/assets/img/icons/menu-icon-15.svg]
[preclinic.dreamstechnologies.com/html/template/invoices-list.html]
[preclinic.dreamstechnologies.com/html/template/invoices-grid.html]
[preclinic.dreamstechnologies.com/html/template/add-invoice.html]
[preclinic.dreamstechnologies.com/html/template/edit-invoices.html]
[preclinic.dreamstechnologies.com/html/template/view-invoice.html]
[preclinic.dreamstechnologies.com/html/template/invoices-settings.html]
[preclinic.dreamstechnologies.com/html/template/assets/img/icons/menu-icon-16.svg]
[preclinic.dreamstechnologies.com/html/template/alerts.html]
[preclinic.dreamstechnologies.com/html/template/accordions.html]
[preclinic.dreamstechnologies.com/html/template/avatar.html]
[preclinic.dreamstechnologies.com/html/template/badges.html]
[preclinic.dreamstechnologies.com/html/template/buttons.html]
[preclinic.dreamstechnologies.com/html/template/buttongroup.html]
[preclinic.dreamstechnologies.com/html/template/breadcrumbs.html]
[preclinic.dreamstechnologies.com/html/template/cards.html]
[preclinic.dreamstechnologies.com/html/template/carousel.html]
[preclinic.dreamstechnologies.com/html/template/dropdowns.html]
[preclinic.dreamstechnologies.com/html/template/grid.html]
[preclinic.dreamstechnologies.com/html/template/images.html]
[preclinic.dreamstechnologies.com/html/template/lightbox.html]
[preclinic.dreamstechnologies.com/html/template/media.html]
[preclinic.dreamstechnologies.com/html/template/modal.html]
[preclinic.dreamstechnologies.com/html/template/offcanvas.html]
[preclinic.dreamstechnologies.com/html/template/pagination.html]
[preclinic.dreamstechnologies.com/html/template/popover.html]
[preclinic.dreamstechnologies.com/html/template/progress.html]
[preclinic.dreamstechnologies.com/html/template/placeholders.html]
[preclinic.dreamstechnologies.com/html/template/rangeslider.html]
[preclinic.dreamstechnologies.com/html/template/spinners.html]
[preclinic.dreamstechnologies.com/html/template/sweetalerts.html]
[preclinic.dreamstechnologies.com/html/template/tab.html]
[preclinic.dreamstechnologies.com/html/template/toastr.html]
[preclinic.dreamstechnologies.com/html/template/tooltip.html]
[preclinic.dreamstechnologies.com/html/template/typography.html]
[preclinic.dreamstechnologies.com/html/template/video.html]
[preclinic.dreamstechnologies.com/html/template/ribbon.html]
[preclinic.dreamstechnologies.com/html/template/clipboard.html]
[preclinic.dreamstechnologies.com/html/template/drag-drop.html]
[preclinic.dreamstechnologies.com/html/template/rating.html]
[preclinic.dreamstechnologies.com/html/template/text-editor.html]
[preclinic.dreamstechnologies.com/html/template/counter.html]
[preclinic.dreamstechnologies.com/html/template/scrollbar.html]
[preclinic.dreamstechnologies.com/html/template/notification.html]
[preclinic.dreamstechnologies.com/html/template/stickynote.html]
[preclinic.dreamstechnologies.com/html/template/timeline.html]
[preclinic.dreamstechnologies.com/html/template/horizontal-timeline.html]
[preclinic.dreamstechnologies.com/html/template/form-wizard.html]
[preclinic.dreamstechnologies.com/html/template/chart-apex.html]
[preclinic.dreamstechnologies.com/html/template/chart-js.html]
[preclinic.dreamstechnologies.com/html/template/chart-morris.html]
[preclinic.dreamstechnologies.com/html/template/chart-flot.html]
[preclinic.dreamstechnologies.com/html/template/chart-peity.html]
[preclinic.dreamstechnologies.com/html/template/chart-c3.html]
[preclinic.dreamstechnologies.com/html/template/icon-fontawesome.html]
[preclinic.dreamstechnologies.com/html/template/icon-feather.html]
[preclinic.dreamstechnologies.com/html/template/icon-ionic.html]
[preclinic.dreamstechnologies.com/html/template/icon-material.html]
[preclinic.dreamstechnologies.com/html/template/icon-pe7.html]
[preclinic.dreamstechnologies.com/html/template/icon-simpleline.html]
[preclinic.dreamstechnologies.com/html/template/icon-themify.html]
[preclinic.dreamstechnologies.com/html/template/icon-weather.html]
[preclinic.dreamstechnologies.com/html/template/icon-typicon.html]
[preclinic.dreamstechnologies.com/html/template/icon-flag.html]
[preclinic.dreamstechnologies.com/html/template/form-basic-inputs.html]
[preclinic.dreamstechnologies.com/html/template/form-input-groups.html]
[preclinic.dreamstechnologies.com/html/template/form-horizontal.html]
[preclinic.dreamstechnologies.com/html/template/form-vertical.html]
[preclinic.dreamstechnologies.com/html/template/form-mask.html]
[preclinic.dreamstechnologies.com/html/template/form-validation.html]
[preclinic.dreamstechnologies.com/html/template/form-select2.html]
[preclinic.dreamstechnologies.com/html/template/form-fileupload.html]
[preclinic.dreamstechnologies.com/html/template/tables-basic.html]
[preclinic.dreamstechnologies.com/html/template/tables-datatables.html]
[preclinic.dreamstechnologies.com/html/template/calendar.html]
[preclinic.dreamstechnologies.com/html/template/register.html]
[preclinic.dreamstechnologies.com/html/template/forgot-password.html]
[preclinic.dreamstechnologies.com/html/template/change-password2.html]
[preclinic.dreamstechnologies.com/html/template/lock-screen.html]
[preclinic.dreamstechnologies.com/html/template/gallery.html]
[preclinic.dreamstechnologies.com/html/template/error-404.html]
[preclinic.dreamstechnologies.com/html/template/error-500.html]
[preclinic.dreamstechnologies.com/html/template/blank-page.html]
[preclinic.dreamstechnologies.com/html/template/assets/img/icons/logout.svg]
[preclinic.dreamstechnologies.com/html/template/assets/img/morning-img-01.png]
[preclinic.dreamstechnologies.com/html/template/assets/img/icons/calendar.svg]
[preclinic.dreamstechnologies.com/html/template/assets/img/icons/profile-add.svg]
[preclinic.dreamstechnologies.com/html/template/assets/img/icons/scissor.svg]
[preclinic.dreamstechnologies.com/html/template/assets/img/icons/empty-wallet.svg]
[preclinic.dreamstechnologies.com/html/template/assets/img/icons/user-icon.svg]
[preclinic.dreamstechnologies.com/html/template/assets/img/icons/dep-icon-01.svg]
[preclinic.dreamstechnologies.com/html/template/assets/img/icons/dep-icon-02.svg]
[preclinic.dreamstechnologies.com/html/template/assets/img/icons/dep-icon-03.svg]
[preclinic.dreamstechnologies.com/html/template/assets/img/icons/dep-icon-04.svg]
[preclinic.dreamstechnologies.com/html/template/assets/img/icons/dep-icon-05.svg]
[preclinic.dreamstechnologies.com/html/template/assets/img/profiles/avatar-02.jpg]
[preclinic.dreamstechnologies.com/html/template/assets/img/profiles/avatar-03.jpg]
[preclinic.dreamstechnologies.com/html/template/assets/img/profiles/avatar-04.jpg]
[preclinic.dreamstechnologies.com/html/template/assets/img/profiles/avatar-05.jpg]
[preclinic.dreamstechnologies.com/html/template/assets/js/jquery-3.7.1.min.js]
[preclinic.dreamstechnologies.com/html/template/assets/js/bootstrap.bundle.min.js]
[preclinic.dreamstechnologies.com/html/template/assets/js/feather.min.js]
[preclinic.dreamstechnologies.com/html/template/assets/js/jquery.slimscroll.js]
[preclinic.dreamstechnologies.com/html/template/assets/js/select2.min.js]
[preclinic.dreamstechnologies.com/html/template/assets/plugins/datatables/jquery.dataTables.min.js]
[preclinic.dreamstechnologies.com/html/template/assets/plugins/datatables/datatables.min.js]
[preclinic.dreamstechnologies.com/html/template/assets/js/jquery.waypoints.js]
[preclinic.dreamstechnologies.com/html/template/assets/js/jquery.counterup.min.js]
[preclinic.dreamstechnologies.com/html/template/assets/plugins/apexchart/apexcharts.min.js]
[preclinic.dreamstechnologies.com/html/template/assets/plugins/apexchart/chart-data.js]
[preclinic.dreamstechnologies.com/html/template/assets/js/app.js]
[preclinic.dreamstechnologies.com/html/template/index.html]
[preclinic.dreamstechnologies.com/html/template/assets/css/bootstrap.min.css]
[preclinic.dreamstechnologies.com/html/template/assets/plugins/fontawesome/css/fontawesome.min.css]
[preclinic.dreamstechnologies.com/cdn-cgi/scripts/7d0fa10a/cloudflare-static/rocket-loader.min.js]
[preclinic.dreamstechnologies.com/html/template/assets/plugins/fontawesome/webfonts/fa-brands-400.woff2]
[preclinic.dreamstechnologies.com/html/template/assets/plugins/fontawesome/webfonts/fa-brands-400.ttf]
[preclinic.dreamstechnologies.com/html/template/assets/plugins/fontawesome/webfonts/fa-regular-400.woff2]
[preclinic.dreamstechnologies.com/html/template/assets/plugins/fontawesome/webfonts/fa-regular-400.ttf]
[preclinic.dreamstechnologies.com/html/template/assets/plugins/fontawesome/webfonts/fa-solid-900.woff2]
[preclinic.dreamstechnologies.com/html/template/assets/plugins/fontawesome/webfonts/fa-solid-900.ttf]
[preclinic.dreamstechnologies.com/html/template/assets/plugins/fontawesome/webfonts/fa-v4compatibility.woff2]
[preclinic.dreamstechnologies.com/html/template/assets/plugins/fontawesome/css/all.min.css]
[preclinic.dreamstechnologies.com/html/template/assets/css/select2.min.css]
[preclinic.dreamstechnologies.com/html/template/assets/plugins/datatables/datatables.min.css]
[preclinic.dreamstechnologies.com/html/template/assets/plugins/fontawesome/webfonts/fa-v4compatibility.ttf]
[preclinic.dreamstechnologies.com/html/template/assets/fonts/Feather144f.ttf]
[preclinic.dreamstechnologies.com/html/template/assets/fonts/Feather144f.woff]
[preclinic.dreamstechnologies.com/html/template/assets/css/feather.css]
[preclinic.dreamstechnologies.com/html/template/assets/fonts/Feather144f.svg]
[preclinic.dreamstechnologies.com/html/template/assets/img/icons/calendar-icon.svg]
[preclinic.dreamstechnologies.com/html/template/assets/img/clock.png]
[preclinic.dreamstechnologies.com/html/template/assets/img/icons/right-icon.svg]
[preclinic.dreamstechnologies.com/html/template/assets/img/login-0l.png]
[preclinic.dreamstechnologies.com/html/template/assets/img/bg-img-01.png]
[preclinic.dreamstechnologies.com/html/template/assets/img/icons/mass-icon.svg]
[preclinic.dreamstechnologies.com/html/template/assets/css/style.css]
[preclinic.dreamstechnologies.com/html/template/index-2.html]
[preclinic.dreamstechnologies.com/html/template/assets/img/icons/bar-icon.svg]
[preclinic.dreamstechnologies.com/html/template/assets/img/icons/search-normal.svg]
[preclinic.dreamstechnologies.com/html/template/assets/img/icons/note-icon-02.svg]
[preclinic.dreamstechnologies.com/html/template/assets/img/arrow.svg]
[preclinic.dreamstechnologies.com/html/template/employees.html]
[preclinic.dreamstechnologies.com/html/template/leaves.html]
[preclinic.dreamstechnologies.com/html/template/holidays.html]
[preclinic.dreamstechnologies.com/html/template/attendance.html]
[preclinic.dreamstechnologies.com/html/template/activites.html]
[preclinic.dreamstechnologies.com/html/template/assets/img/user-02.jpg]
[preclinic.dreamstechnologies.com/html/template/assets/img/activity-01.jpg]
[preclinic.dreamstechnologies.com/html/template/assets/img/activity-02.jpg]
[preclinic.dreamstechnologies.com/html/template/assets/img/activity-03.jpg]
[preclinic.dreamstechnologies.com/html/template/assets/img/user-05.jpg]
[preclinic.dreamstechnologies.com/html/template/assets/img/user-03.jpg]
[preclinic.dreamstechnologies.com/html/template/assets/img/user-04.jpg]
[preclinic.dreamstechnologies.com/html/template/assets/img/blog/blog-8.jpg]
[preclinic.dreamstechnologies.com/html/template/activities.html]
[preclinic.dreamstechnologies.com/html/template/assets/img/icons/note-icon-01.svg]
[preclinic.dreamstechnologies.com/html/template/assets/img/doctor-03.jpg]
[preclinic.dreamstechnologies.com/html/template/profile.html]
[preclinic.dreamstechnologies.com/cdn-cgi/scripts/5c5dd728/cloudflare-static/email-decode.min.js]
[preclinic.dreamstechnologies.com/html/template/assets/css/bootstrap-datetimepicker.min.css]
[preclinic.dreamstechnologies.com/html/template/assets/js/moment.min.js]
[preclinic.dreamstechnologies.com/html/template/assets/js/bootstrap-datetimepicker.min.js]
[preclinic.dreamstechnologies.com/html/template/edit-profile.html]
[preclinic.dreamstechnologies.com/html/template/assets/css/dataTables.bootstrap4.min.css]
[preclinic.dreamstechnologies.com/html/template/localization-details.html]
[preclinic.dreamstechnologies.com/html/template/payment-settings.html]
[preclinic.dreamstechnologies.com/html/template/email-settings.html]
[preclinic.dreamstechnologies.com/html/template/social-settings.html]
[preclinic.dreamstechnologies.com/html/template/social-links.html]
[preclinic.dreamstechnologies.com/html/template/seo-settings.html]
[preclinic.dreamstechnologies.com/html/template/theme-settings.html]
[preclinic.dreamstechnologies.com/html/template/change-password.html]
[preclinic.dreamstechnologies.com/html/template/others-settings.html]
[preclinic.dreamstechnologies.com/html/template/assets/img/logo-dark.png]
[preclinic.dreamstechnologies.com/html/template/assets/js/jquery.dataTables.min.js]
[preclinic.dreamstechnologies.com/html/template/assets/js/dataTables.bootstrap4.min.js]
[preclinic.dreamstechnologies.com/html/template/settings.html]
[preclinic.dreamstechnologies.com/html/template/assets/img/login-02.png]
[preclinic.dreamstechnologies.com/html/template/assets/img/login-logo.png]
[preclinic.dreamstechnologies.com/html/template/assets/img/icons/login-icon-01.svg]
[preclinic.dreamstechnologies.com/html/template/assets/img/icons/login-icon-02.svg]
[preclinic.dreamstechnologies.com/html/template/login.html]
[preclinic.dreamstechnologies.com/html/template/assets/img/icons/setting-icon-01.svg]
[preclinic.dreamstechnologies.com/html/template/assets/img/icons/menu-icon-01.svg]
[preclinic.dreamstechnologies.com/html/template/assets/img/icons/login-icon-03.svg]
[preclinic.dreamstechnologies.com/html/template/assets/img/morning-img-02.png]
[preclinic.dreamstechnologies.com/html/template/assets/img/icons/doctor-dash-01.svg]
[preclinic.dreamstechnologies.com/html/template/assets/img/icons/doctor-dash-02.svg]
[preclinic.dreamstechnologies.com/html/template/assets/img/icons/doctor-dash-03.svg]
[preclinic.dreamstechnologies.com/html/template/assets/img/icons/doctor-dash-04.svg]
[preclinic.dreamstechnologies.com/html/template/assets/img/icons/sort-icon-01.svg]
[preclinic.dreamstechnologies.com/html/template/assets/img/icons/sort-icon-02.svg]
[preclinic.dreamstechnologies.com/html/template/assets/img/icons/timer.svg]
[preclinic.dreamstechnologies.com/html/template/assets/img/icons/trash.svg]
[preclinic.dreamstechnologies.com/html/template/assets/img/icons/profile.svg]
[preclinic.dreamstechnologies.com/html/template/assets/img/icons/edit.svg]
[preclinic.dreamstechnologies.com/html/template/assets/js/circle-progress.min.js]
[preclinic.dreamstechnologies.com/html/template/doctor-dashboard.html]
[preclinic.dreamstechnologies.com/html/template/assets/plugins/simple-calendar/simple-calendar.css]
[preclinic.dreamstechnologies.com/html/template/assets/plugins/slick/slick.css]
[preclinic.dreamstechnologies.com/html/template/assets/plugins/slick/slick-theme.css]
[preclinic.dreamstechnologies.com/html/template/assets/img/morning-img-03.png]
[preclinic.dreamstechnologies.com/html/template/assets/img/icons/report-icon-01.svg]
[preclinic.dreamstechnologies.com/html/template/assets/img/icons/report-icon-02.svg]
[preclinic.dreamstechnologies.com/html/template/assets/img/icons/report-icon-03.svg]
[preclinic.dreamstechnologies.com/html/template/assets/img/icons/report-icon-04.svg]
[preclinic.dreamstechnologies.com/html/template/assets/img/icons/health-img.svg]
[preclinic.dreamstechnologies.com/html/template/assets/plugins/simple-calendar/jquery.simple-calendar.js]
[preclinic.dreamstechnologies.com/html/template/assets/js/calander.js]
[preclinic.dreamstechnologies.com/html/template/assets/plugins/slick/slick.js]
[preclinic.dreamstechnologies.com/html/template/patient-dashboard.html]
[preclinic.dreamstechnologies.com/html/template/assets/img/icons/menu-icon-02.svg]
[preclinic.dreamstechnologies.com/html/template/assets/img/icons/plus.svg]
[preclinic.dreamstechnologies.com/html/template/assets/img/icons/re-fresh.svg]
[preclinic.dreamstechnologies.com/html/template/assets/img/icons/pdf-icon-01.svg]
[preclinic.dreamstechnologies.com/html/template/assets/img/icons/pdf-icon-02.svg]
[preclinic.dreamstechnologies.com/html/template/assets/img/icons/pdf-icon-03.svg]
[preclinic.dreamstechnologies.com/html/template/assets/img/icons/pdf-icon-04.svg]
[preclinic.dreamstechnologies.com/html/template/assets/img/profiles/avatar-01.jpg]
[preclinic.dreamstechnologies.com/html/template/assets/img/profiles/avatar-06.jpg]
[preclinic.dreamstechnologies.com/html/template/assets/img/sent.png]
[preclinic.dreamstechnologies.com/html/template/doctors.html]
[preclinic.dreamstechnologies.com/html/template/add-doctor.html]
[preclinic.dreamstechnologies.com/html/template/edit-doctor.html]
[preclinic.dreamstechnologies.com/html/template/assets/plugins/moment/moment.min.js]
[preclinic.dreamstechnologies.com/html/template/assets/img/profile-bg.jpg]
[preclinic.dreamstechnologies.com/html/template/assets/img/profile-user.jpg]
[preclinic.dreamstechnologies.com/html/template/assets/img/icons/camera-icon.svg]
[preclinic.dreamstechnologies.com/html/template/assets/img/icons/medal-01.svg]
[preclinic.dreamstechnologies.com/html/template/assets/img/icons/medal-02.svg]
[preclinic.dreamstechnologies.com/html/template/assets/img/icons/medal-03.svg]
[preclinic.dreamstechnologies.com/html/template/doctor-profile.html]
[preclinic.dreamstechnologies.com/html/template/assets/img/icons/menu-icon-03.svg]
[preclinic.dreamstechnologies.com/html/template/patients.html]
[preclinic.dreamstechnologies.com/html/template/add-patient.html]
[preclinic.dreamstechnologies.com/html/template/edit-patient.html]
[preclinic.dreamstechnologies.com/html/template/doctor-setting.html]
[preclinic.dreamstechnologies.com/html/template/assets/img/profile-user-01.jpg]
[preclinic.dreamstechnologies.com/html/template/patient-profile.html]
[preclinic.dreamstechnologies.com/html/template/assets/img/icons/menu-icon-08.svg]
[preclinic.dreamstechnologies.com/html/template/patient-setting.html]
[preclinic.dreamstechnologies.com/html/template/staff-list.html]
[preclinic.dreamstechnologies.com/html/template/add-staff.html]
[preclinic.dreamstechnologies.com/html/template/edit-staff.html]
[preclinic.dreamstechnologies.com/html/template/assets/img/profile-user-02.jpg]
[preclinic.dreamstechnologies.com/html/template/staff-profile.html]
[preclinic.dreamstechnologies.com/html/template/staff-setting.html]
[preclinic.dreamstechnologies.com/html/template/add-leave.html]
[preclinic.dreamstechnologies.com/html/template/staff-leave.html]
[preclinic.dreamstechnologies.com/html/template/staff-holiday.html]
[preclinic.dreamstechnologies.com/html/template/staff-attendance.html]
[preclinic.dreamstechnologies.com/html/template/assets/img/icons/menu-icon-04.svg]
[preclinic.dreamstechnologies.com/html/template/appointments.html]
[preclinic.dreamstechnologies.com/html/template/add-appointment.html]
[preclinic.dreamstechnologies.com/html/template/edit-appointment.html]
[preclinic.dreamstechnologies.com/html/template/assets/img/icons/menu-icon-05.svg]
[preclinic.dreamstechnologies.com/html/template/schedule.html]
[preclinic.dreamstechnologies.com/html/template/add-schedule.html]
[preclinic.dreamstechnologies.com/html/template/edit-schedule.html]
[preclinic.dreamstechnologies.com/html/template/assets/img/icons/menu-icon-06.svg]
[preclinic.dreamstechnologies.com/html/template/departments.html]
[preclinic.dreamstechnologies.com/html/template/add-department.html]
[preclinic.dreamstechnologies.com/html/template/edit-department.html]
[preclinic.dreamstechnologies.com/html/template/assets/img/icons/menu-icon-07.svg]
[preclinic.dreamstechnologies.com/html/template/edit-leave.html]
[preclinic.dreamstechnologies.com/html/template/create-invoice.html]
[preclinic.dreamstechnologies.com/html/template/invoice-view.html]
[preclinic.dreamstechnologies.com/html/template/edit-invoice.html]
[preclinic.dreamstechnologies.com/html/template/assets/img/profiles/avatar-07.jpg]
[preclinic.dreamstechnologies.com/html/template/invoices.html]
[preclinic.dreamstechnologies.com/html/template/add-payment.html]
[preclinic.dreamstechnologies.com/html/template/payments.html]
[preclinic.dreamstechnologies.com/html/template/edit-payment.html]
[preclinic.dreamstechnologies.com/html/template/add-expense.html]
[preclinic.dreamstechnologies.com/html/template/expenses.html]
[preclinic.dreamstechnologies.com/html/template/edit-expense.html]
[preclinic.dreamstechnologies.com/html/template/add-tax.html]
[preclinic.dreamstechnologies.com/html/template/taxes.html]
[preclinic.dreamstechnologies.com/html/template/edit-tax.html]
[preclinic.dreamstechnologies.com/html/template/add-provident-fund.html]
[preclinic.dreamstechnologies.com/html/template/provident-fund.html]
[preclinic.dreamstechnologies.com/html/template/assets/img/icons/menu-icon-09.svg]
[preclinic.dreamstechnologies.com/html/template/edit-provident-fund.html]
[preclinic.dreamstechnologies.com/html/template/add-salary.html]
[preclinic.dreamstechnologies.com/html/template/salary.html]
[preclinic.dreamstechnologies.com/html/template/salary-view.html]
[preclinic.dreamstechnologies.com/html/template/edit-salary.html]
[preclinic.dreamstechnologies.com/html/template/assets/img/profiles/avatar-08.jpg]
[preclinic.dreamstechnologies.com/html/template/assets/img/icons/chat-icon-01.svg]
[preclinic.dreamstechnologies.com/html/template/assets/img/icons/chat-icon-02.svg]
[preclinic.dreamstechnologies.com/html/template/assets/img/icons/chat-icon-03.svg]
[preclinic.dreamstechnologies.com/html/template/assets/img/icons/chat-icon-04.svg]
[preclinic.dreamstechnologies.com/html/template/assets/img/icons/chat-icon-07.svg]
[preclinic.dreamstechnologies.com/html/template/assets/img/icons/chat-icon-05.svg]
[preclinic.dreamstechnologies.com/html/template/assets/img/icons/chat-icon-08.svg]
[preclinic.dreamstechnologies.com/html/template/assets/img/icons/chat-icon-06.svg]
[preclinic.dreamstechnologies.com/html/template/assets/img/icons/chat-foot-icon-04.svg]
[preclinic.dreamstechnologies.com/html/template/assets/img/icons/chat-foot-icon-03.svg]
[preclinic.dreamstechnologies.com/html/template/assets/img/icons/chat-foot-icon-01.svg]
[preclinic.dreamstechnologies.com/html/template/chat.html]
[preclinic.dreamstechnologies.com/html/template/assets/img/icons/menu-icon-10.svg]
[preclinic.dreamstechnologies.com/html/template/assets/img/icons/menu-icon-11.svg]
[preclinic.dreamstechnologies.com/html/template/assets/img/icons/chat-foot-icon-02.svg]
[preclinic.dreamstechnologies.com/html/template/assets/img/icons/call-incoming.svg]
[preclinic.dreamstechnologies.com/html/template/assets/img/icons/call-outgoing.svg]
[preclinic.dreamstechnologies.com/html/template/assets/img/profiles/avatar-09.jpg]
[preclinic.dreamstechnologies.com/html/template/assets/img/icons/clock.svg]
[preclinic.dreamstechnologies.com/html/template/assets/img/icons/voice-icon-01.svg]
[preclinic.dreamstechnologies.com/html/template/assets/img/icons/voice-icon-02.svg]
[preclinic.dreamstechnologies.com/html/template/voice-call.html]
[preclinic.dreamstechnologies.com/html/template/assets/img/icons/voice-icon-03.svg]
[preclinic.dreamstechnologies.com/html/template/assets/img/icons/video-icon-01.svg]
[preclinic.dreamstechnologies.com/html/template/assets/img/icons/video-icon-02.svg]
[preclinic.dreamstechnologies.com/html/template/assets/img/icons/profile-user.svg]
[preclinic.dreamstechnologies.com/html/template/assets/img/call.jpg]
[preclinic.dreamstechnologies.com/html/template/assets/img/icons/video-icon-03.svg]
[preclinic.dreamstechnologies.com/html/template/assets/img/call-01.jpg]
[preclinic.dreamstechnologies.com/html/template/assets/img/call-02.jpg]
[preclinic.dreamstechnologies.com/html/template/assets/img/call-03.jpg]
[preclinic.dreamstechnologies.com/html/template/assets/img/icons/call-icon-03.svg]
[preclinic.dreamstechnologies.com/html/template/assets/img/icons/call-icon-01.svg]
[preclinic.dreamstechnologies.com/html/template/video-call.html]
[preclinic.dreamstechnologies.com/html/template/assets/img/icons/call-icon-02.svg]
[preclinic.dreamstechnologies.com/html/template/assets/img/icons/call-remove.svg]
[preclinic.dreamstechnologies.com/html/template/incoming-call.html]
[preclinic.dreamstechnologies.com/html/template/assets/img/icons/menu-icon-12.svg]
[preclinic.dreamstechnologies.com/html/template/assets/img/icons/call-received.svg]
[preclinic.dreamstechnologies.com/html/template/assets/plugins/summernote/summernote-bs5.min.css]
[preclinic.dreamstechnologies.com/html/template/assets/img/icons/edit-2.svg]
[preclinic.dreamstechnologies.com/html/template/assets/img/icons/inbox.svg]
[preclinic.dreamstechnologies.com/html/template/assets/img/icons/sent.svg]
[preclinic.dreamstechnologies.com/html/template/assets/img/icons/draft.svg]
[preclinic.dreamstechnologies.com/html/template/assets/img/icons/star.svg]
[preclinic.dreamstechnologies.com/html/template/assets/img/icons/tag-icon-01.svg]
[preclinic.dreamstechnologies.com/html/template/assets/img/icons/tag-icon-02.svg]
[preclinic.dreamstechnologies.com/html/template/assets/img/icons/tag-icon-03.svg]
[preclinic.dreamstechnologies.com/html/template/assets/img/icons/folder-icon-01.svg]
[preclinic.dreamstechnologies.com/html/template/assets/img/icons/folder-icon-02.svg]
[preclinic.dreamstechnologies.com/html/template/assets/img/icons/folder-icon-03.svg]
[preclinic.dreamstechnologies.com/html/template/assets/img/icons/folder-icon-04.svg]
[preclinic.dreamstechnologies.com/html/template/javascript]
[preclinic.dreamstechnologies.com/html/template/assets/img/icons/ram.svg]
[preclinic.dreamstechnologies.com/html/template/compose.html]
[preclinic.dreamstechnologies.com/html/template/assets/plugins/summernote/summernote-bs5.min.js]
[preclinic.dreamstechnologies.com/html/template/assets/img/icons/refresh-icon.svg]
[preclinic.dreamstechnologies.com/html/template/assets/img/icons/tag-icon-04.svg]
[preclinic.dreamstechnologies.com/html/template/assets/img/icons/folder-icon-05.svg]
[preclinic.dreamstechnologies.com/html/template/assets/img/icons/clip.svg]
[preclinic.dreamstechnologies.com/html/template/inbox.html]
[preclinic.dreamstechnologies.com/html/template/assets/img/icons/star-empty.svg]
[preclinic.dreamstechnologies.com/html/template/assets/img/icons/warning.svg]
[preclinic.dreamstechnologies.com/html/template/assets/img/icons/forward-icon-01.svg]
[preclinic.dreamstechnologies.com/html/template/assets/img/icons/forward-icon-02.svg]
[preclinic.dreamstechnologies.com/html/template/assets/img/icons/forward-icon-03.svg]
[preclinic.dreamstechnologies.com/html/template/assets/img/icons/document-icon.svg]
[preclinic.dreamstechnologies.com/html/template/assets/img/icons/gallery-icon.svg]
[preclinic.dreamstechnologies.com/html/template/assets/img/icons/replay.svg]
[preclinic.dreamstechnologies.com/html/template/assets/img/icons/replay-01.svg]
[preclinic.dreamstechnologies.com/html/template/mail-view.html]
[preclinic.dreamstechnologies.com/html/template/assets/img/icons/menu-icon-13.svg]
[preclinic.dreamstechnologies.com/html/template/assets/img/icons/printer.svg]
[preclinic.dreamstechnologies.com/html/template/assets/img/blog/blog-1.jpg]
[preclinic.dreamstechnologies.com/html/template/assets/img/blog/blog-2.jpg]
[preclinic.dreamstechnologies.com/html/template/assets/img/blog/blog-3.jpg]
[preclinic.dreamstechnologies.com/html/template/assets/img/blog/blog-4.jpg]
[preclinic.dreamstechnologies.com/html/template/assets/img/blog/blog-5.jpg]
[preclinic.dreamstechnologies.com/html/template/assets/img/blog/blog-6.jpg]
[preclinic.dreamstechnologies.com/html/template/blog.html]
[preclinic.dreamstechnologies.com/html/template/assets/img/blog/blog-detail.jpg]
[preclinic.dreamstechnologies.com/html/template/assets/img/icons/social-01.svg]
[preclinic.dreamstechnologies.com/html/template/assets/img/icons/social-02.svg]
[preclinic.dreamstechnologies.com/html/template/assets/img/icons/social-03.svg]
[preclinic.dreamstechnologies.com/html/template/assets/img/icons/social-04.svg]
[preclinic.dreamstechnologies.com/html/template/assets/img/blog/blog-7.jpg]
[preclinic.dreamstechnologies.com/html/template/assets/img/blog/blog-9.jpg]
[preclinic.dreamstechnologies.com/html/template/assets/img/blog/blog-10.jpg]
[preclinic.dreamstechnologies.com/html/template/assets/img/blog/blog-11.jpg]
[preclinic.dreamstechnologies.com/html/template/assets/img/blog/blog-12.jpg]
[preclinic.dreamstechnologies.com/html/template/assets/img/blog/blog-13.jpg]
[preclinic.dreamstechnologies.com/html/template/blog-details.html]
[preclinic.dreamstechnologies.com/html/template/assets/img/icons/tag.svg]
[preclinic.dreamstechnologies.com/html/template/assets/css/tagsinput.css]
[preclinic.dreamstechnologies.com/html/template/assets/js/tagsinput.js]
[preclinic.dreamstechnologies.com/html/template/add-blog.html]
[preclinic.dreamstechnologies.com/html/template/edit-blog.html]
[preclinic.dreamstechnologies.com/html/template/add-asset.html]
[preclinic.dreamstechnologies.com/html/template/assets.html]
[preclinic.dreamstechnologies.com/html/template/assets/img/icons/menu-icon-14.svg]
[preclinic.dreamstechnologies.com/html/template/edit-asset.html]
[preclinic.dreamstechnologies.com/html/template/expense-report.html]
[preclinic.dreamstechnologies.com/html/template/expense-reports.html]
[preclinic.dreamstechnologies.com/html/template/invoice-reports.html]
[preclinic.dreamstechnologies.com/html/template/assets/img/icons/menu-icon-15.svg]
[preclinic.dreamstechnologies.com/html/template/invoice-list.html]
[preclinic.dreamstechnologies.com/html/template/assets/img/invoices-icon5.png]
[preclinic.dreamstechnologies.com/html/template/invoices-paid.html]
[preclinic.dreamstechnologies.com/html/template/invoices-overdue.html]
[preclinic.dreamstechnologies.com/html/template/invoices-draft.html]
[preclinic.dreamstechnologies.com/html/template/invoices-recurring.html]
[preclinic.dreamstechnologies.com/html/template/invoices-cancelled.html]
[preclinic.dreamstechnologies.com/html/template/assets/img/invoices-icon1.svg]
[preclinic.dreamstechnologies.com/html/template/assets/img/invoices-icon2.svg]
[preclinic.dreamstechnologies.com/html/template/assets/img/invoices-icon3.svg]
[preclinic.dreamstechnologies.com/html/template/assets/img/invoices-icon4.svg]
[preclinic.dreamstechnologies.com/html/template/assets/img/profiles/avatar-10.jpg]
[preclinic.dreamstechnologies.com/html/template/assets/img/profiles/avatar-11.jpg]
[preclinic.dreamstechnologies.com/html/template/invoices-list.html]
[preclinic.dreamstechnologies.com/html/template/assets/img/profiles/avatar-12.jpg]
[preclinic.dreamstechnologies.com/html/template/invoices-grid.html]
[preclinic.dreamstechnologies.com/html/template/assets/img/invoice-circle1.png]
[preclinic.dreamstechnologies.com/html/template/assets/img/invoice-circle2.png]
[preclinic.dreamstechnologies.com/html/template/assets/img/signature.png]
[preclinic.dreamstechnologies.com/html/template/add-invoice.html]
[preclinic.dreamstechnologies.com/html/template/edit-invoices.html]
[preclinic.dreamstechnologies.com/html/template/view-invoice.html]
[preclinic.dreamstechnologies.com/html/template/tax-settings.html]
[preclinic.dreamstechnologies.com/html/template/invoices-settings.html]
[preclinic.dreamstechnologies.com/html/template/assets/img/icons/menu-icon-16.svg]
[preclinic.dreamstechnologies.com/html/template/alerts.html]
[preclinic.dreamstechnologies.com/html/template/accordions.html]
[preclinic.dreamstechnologies.com/html/template/avatar.html]
[preclinic.dreamstechnologies.com/html/template/badges.html]
[preclinic.dreamstechnologies.com/html/template/buttons.html]
[preclinic.dreamstechnologies.com/html/template/buttongroup.html]
[preclinic.dreamstechnologies.com/html/template/breadcrumbs.html]
[preclinic.dreamstechnologies.com/html/template/bank-settings.html]
[preclinic.dreamstechnologies.com/html/template/assets/img/img-01.jpg]
[preclinic.dreamstechnologies.com/html/template/cards.html]
[preclinic.dreamstechnologies.com/html/template/assets/img/img-1.jpg]
[preclinic.dreamstechnologies.com/html/template/assets/img/img-3.jpg]
[preclinic.dreamstechnologies.com/html/template/assets/img/img-4.jpg]
[preclinic.dreamstechnologies.com/html/template/assets/img/img-2.jpg]
[preclinic.dreamstechnologies.com/html/template/carousel.html]
[preclinic.dreamstechnologies.com/html/template/dropdowns.html]
[preclinic.dreamstechnologies.com/html/template/grid.html]
[preclinic.dreamstechnologies.com/html/template/assets/img/user-6.jpg]
[preclinic.dreamstechnologies.com/html/template/assets/img/user-5.jpg]
[preclinic.dreamstechnologies.com/html/template/images.html]
[preclinic.dreamstechnologies.com/html/template/assets/plugins/lightbox/glightbox.min.css]
[preclinic.dreamstechnologies.com/html/template/assets/img/img-02.jpg]
[preclinic.dreamstechnologies.com/html/template/assets/img/img-03.jpg]
[preclinic.dreamstechnologies.com/html/template/assets/img/img-04.jpg]
[preclinic.dreamstechnologies.com/html/template/assets/img/img-05.jpg]
[preclinic.dreamstechnologies.com/html/template/assets/plugins/lightbox/glightbox.min.js]
[preclinic.dreamstechnologies.com/html/template/assets/plugins/lightbox/lightbox.js]
[preclinic.dreamstechnologies.com/html/template/lightbox.html]
[preclinic.dreamstechnologies.com/html/template/assets/img/user-7.jpg]
[preclinic.dreamstechnologies.com/html/template/media.html]
[preclinic.dreamstechnologies.com/html/template/modal.html]
[preclinic.dreamstechnologies.com/html/template/offcanvas.html]
[preclinic.dreamstechnologies.com/html/template/pagination.html]
[preclinic.dreamstechnologies.com/html/template/popover.html]
[preclinic.dreamstechnologies.com/html/template/progress.html]
[preclinic.dreamstechnologies.com/html/template/placeholders.html]
[preclinic.dreamstechnologies.com/html/template/assets/plugins/ion-rangeslider/css/ion.rangeSlider.min.css]
[preclinic.dreamstechnologies.com/html/template/assets/plugins/ion-rangeslider/js/ion.rangeSlider.min.js]
[preclinic.dreamstechnologies.com/html/template/assets/plugins/ion-rangeslider/js/custom-rangeslider.js]
[preclinic.dreamstechnologies.com/html/template/rangeslider.html]
[preclinic.dreamstechnologies.com/html/template/spinners.html]
[preclinic.dreamstechnologies.com/html/template/assets/plugins/sweetalert/sweetalert2.all.min.js]
[preclinic.dreamstechnologies.com/html/template/assets/plugins/sweetalert/sweetalerts.min.js]
[preclinic.dreamstechnologies.com/html/template/sweetalerts.html]
[preclinic.dreamstechnologies.com/html/template/tab.html]
[preclinic.dreamstechnologies.com/html/template/assets/plugins/toastr/toatr.css]
[preclinic.dreamstechnologies.com/html/template/assets/plugins/toastr/toastr.min.js]
[preclinic.dreamstechnologies.com/html/template/assets/plugins/toastr/toastr.js]
[preclinic.dreamstechnologies.com/html/template/toastr.html]
[preclinic.dreamstechnologies.com/html/template/tooltip.html]
[preclinic.dreamstechnologies.com/html/template/typography.html]
[preclinic.dreamstechnologies.com/html/template/video.html]
[preclinic.dreamstechnologies.com/html/template/ribbon.html]
[preclinic.dreamstechnologies.com/html/template/assets/plugins/dragula/css/dragula.min.css]
[preclinic.dreamstechnologies.com/html/template/assets/plugins/clipboard/clipboard.min.js]
[preclinic.dreamstechnologies.com/html/template/clipboard.html]
[preclinic.dreamstechnologies.com/html/template/assets/plugins/dragula/js/dragula.min.js]
[preclinic.dreamstechnologies.com/html/template/assets/plugins/dragula/js/drag-drop.min.js]
[preclinic.dreamstechnologies.com/html/template/drag-drop.html]
[preclinic.dreamstechnologies.com/html/template/assets/plugins/summernote/summernote-bs4.min.css]
[preclinic.dreamstechnologies.com/html/template/assets/plugins/raty/jquery.raty.js]
[preclinic.dreamstechnologies.com/html/template/assets/plugins/raty/custom.raty.js]
[preclinic.dreamstechnologies.com/html/template/rating.html]
[preclinic.dreamstechnologies.com/html/template/assets/plugins/summernote/summernote-bs4.min.js]
[preclinic.dreamstechnologies.com/html/template/text-editor.html]
[preclinic.dreamstechnologies.com/html/template/assets/js/jquery-ui.min.js]
[preclinic.dreamstechnologies.com/html/template/assets/plugins/countup/jquery.counterup.min.js]
[preclinic.dreamstechnologies.com/html/template/assets/plugins/countup/jquery.waypoints.min.js]
[preclinic.dreamstechnologies.com/html/template/assets/plugins/countup/jquery.missofis-countdown.js]
[preclinic.dreamstechnologies.com/html/template/counter.html]
[preclinic.dreamstechnologies.com/html/template/assets/plugins/scrollbar/scroll.min.css]
[preclinic.dreamstechnologies.com/html/template/customer-ledger.html]
[preclinic.dreamstechnologies.com/html/template/assets/plugins/scrollbar/scrollbar.min.js]
[preclinic.dreamstechnologies.com/html/template/assets/plugins/scrollbar/custom-scroll.js]
[preclinic.dreamstechnologies.com/html/template/scrollbar.html]
[preclinic.dreamstechnologies.com/html/template/assets/plugins/alertify/alertify.min.css]
[preclinic.dreamstechnologies.com/html/template/assets/plugins/alertify/alertify.min.js]
[preclinic.dreamstechnologies.com/html/template/assets/plugins/alertify/custom-alertify.min.js]
[preclinic.dreamstechnologies.com/html/template/notification.html]
[preclinic.dreamstechnologies.com/html/template/assets/plugins/stickynote/sticky.css]
[preclinic.dreamstechnologies.com/html/template/assets/plugins/stickynote/sticky.js]
[preclinic.dreamstechnologies.com/html/template/stickynote.html]
[preclinic.dreamstechnologies.com/html/template/timeline.html]
[preclinic.dreamstechnologies.com/html/template/assets/plugins/timeline/horizontal-timeline.js]
[preclinic.dreamstechnologies.com/html/template/horizontal-timeline.html]
[preclinic.dreamstechnologies.com/html/template/form-wizard.html]
[preclinic.dreamstechnologies.com/html/template/chart-apex.html]
[preclinic.dreamstechnologies.com/html/template/assets/plugins/chartjs/chart.min.js]
[preclinic.dreamstechnologies.com/html/template/assets/plugins/chartjs/chart-data.js]
[preclinic.dreamstechnologies.com/html/template/chart-js.html]
[preclinic.dreamstechnologies.com/html/template/assets/plugins/morris/raphael-min.js]
[preclinic.dreamstechnologies.com/html/template/assets/plugins/morris/morris.min.js]
[preclinic.dreamstechnologies.com/html/template/assets/plugins/morris/chart-data.js]
[preclinic.dreamstechnologies.com/html/template/chart-morris.html]
[preclinic.dreamstechnologies.com/html/template/assets/plugins/flot/jquery.flot.js]
[preclinic.dreamstechnologies.com/html/template/assets/plugins/flot/jquery.flot.fillbetween.js]
[preclinic.dreamstechnologies.com/html/template/assets/plugins/flot/jquery.flot.pie.js]
[preclinic.dreamstechnologies.com/html/template/assets/plugins/flot/chart-data.js]
[preclinic.dreamstechnologies.com/html/template/chart-flot.html]
[preclinic.dreamstechnologies.com/html/template/assets/plugins/peity/jquery.peity.min.js]
[preclinic.dreamstechnologies.com/html/template/assets/plugins/peity/chart-data.js]
[preclinic.dreamstechnologies.com/html/template/chart-peity.html]
[preclinic.dreamstechnologies.com/html/template/assets/plugins/c3-chart/c3.min.css]
[preclinic.dreamstechnologies.com/html/template/assets/plugins/c3-chart/d3.v5.min.js]
[preclinic.dreamstechnologies.com/html/template/assets/plugins/c3-chart/c3.min.js]
[preclinic.dreamstechnologies.com/html/template/assets/plugins/c3-chart/chart-data.js]
[preclinic.dreamstechnologies.com/html/template/chart-c3.html]
[preclinic.dreamstechnologies.com/html/template/assets/plugins/icons/flags/flags.css]
[preclinic.dreamstechnologies.com/html/template/icon-fontawesome.html]
[preclinic.dreamstechnologies.com/html/template/icon-feather.html]
[preclinic.dreamstechnologies.com/html/template/assets/plugins/icons/ionic/ionicons.css]
[preclinic.dreamstechnologies.com/html/template/icon-ionic.html]
[preclinic.dreamstechnologies.com/html/template/icon-material.html]
[preclinic.dreamstechnologies.com/html/template/assets/plugins/material/materialdesignicons.css]
[preclinic.dreamstechnologies.com/html/template/assets/plugins/icons/pe7/pe-icon-7.css]
[preclinic.dreamstechnologies.com/html/template/icon-pe7.html]
[preclinic.dreamstechnologies.com/html/template/assets/plugins/simpleline/simple-line-icons.css]
[preclinic.dreamstechnologies.com/html/template/icon-simpleline.html]
[preclinic.dreamstechnologies.com/html/template/assets/plugins/icons/themify/themify.css]
[preclinic.dreamstechnologies.com/html/template/icon-themify.html]
[preclinic.dreamstechnologies.com/html/template/assets/plugins/icons/weather/weathericons.css]
[preclinic.dreamstechnologies.com/html/template/icon-weather.html]
[preclinic.dreamstechnologies.com/html/template/assets/plugins/icons/typicons/typicons.css]
[preclinic.dreamstechnologies.com/html/template/icon-typicon.html]
[preclinic.dreamstechnologies.com/html/template/icon-flag.html]
[preclinic.dreamstechnologies.com/html/template/form-basic-inputs.html]
[preclinic.dreamstechnologies.com/html/template/form-input-groups.html]
[preclinic.dreamstechnologies.com/html/template/form-horizontal.html]
[preclinic.dreamstechnologies.com/html/template/assets/css/fullcalendar.min.css]
[preclinic.dreamstechnologies.com/html/template/form-vertical.html]
[preclinic.dreamstechnologies.com/html/template/assets/js/jquery.maskedinput.min.js]
[preclinic.dreamstechnologies.com/html/template/assets/js/mask.js]
[preclinic.dreamstechnologies.com/html/template/form-mask.html]
[preclinic.dreamstechnologies.com/html/template/form-validation.html]
[preclinic.dreamstechnologies.com/html/template/assets/plugins/select2/js/select2.min.js]
[preclinic.dreamstechnologies.com/html/template/assets/plugins/select2/js/custom-select.js]
[preclinic.dreamstechnologies.com/html/template/form-select2.html]
[preclinic.dreamstechnologies.com/html/template/form-fileupload.html]
[preclinic.dreamstechnologies.com/html/template/tables-basic.html]
[preclinic.dreamstechnologies.com/html/template/tables-datatables.html]
[preclinic.dreamstechnologies.com/html/template/assets/plugins/fileupload/fileupload.min.js]
[preclinic.dreamstechnologies.com/html/template/assets/js/fullcalendar.min.js]
[preclinic.dreamstechnologies.com/html/template/assets/js/jquery.fullcalendar.js]
[preclinic.dreamstechnologies.com/html/template/calendar.html]
[preclinic.dreamstechnologies.com/html/template/register.html]
[preclinic.dreamstechnologies.com/html/template/forgot-password.html]
[preclinic.dreamstechnologies.com/html/template/change-password2.html]
[preclinic.dreamstechnologies.com/html/template/lock-screen.html]
[preclinic.dreamstechnologies.com/html/template/assets/plugins/light-gallery/css/lightgallery.min.css]
[preclinic.dreamstechnologies.com/html/template/assets/img/blog/blog-01.jpg]
[preclinic.dreamstechnologies.com/html/template/assets/img/blog/blog-02.jpg]
[preclinic.dreamstechnologies.com/html/template/assets/img/blog/blog-03.jpg]
[preclinic.dreamstechnologies.com/html/template/assets/img/blog/blog-04.jpg]
[preclinic.dreamstechnologies.com/html/template/gallery.html]
[preclinic.dreamstechnologies.com/html/template/assets/plugins/light-gallery/js/lightgallery-all.min.js]
[preclinic.dreamstechnologies.com/html/template/assets/img/error-01.png]
[preclinic.dreamstechnologies.com/html/template/error-404.html]
[preclinic.dreamstechnologies.com/html/template/assets/img/icons/danger.svg]
[preclinic.dreamstechnologies.com/html/template/assets/img/error-02.png]
[preclinic.dreamstechnologies.com/html/template/error-500.html]
[preclinic.dreamstechnologies.com/html/template/blank-page.html]
[preclinic.dreamstechnologies.com/html/template/assets/img/icons/logout.svg]
[preclinic.dreamstechnologies.com/html/template/assets/img/icons/calendar.svg]
[preclinic.dreamstechnologies.com/html/template/assets/img/icons/profile-add.svg]
[preclinic.dreamstechnologies.com/html/template/assets/img/icons/scissor.svg]
[preclinic.dreamstechnologies.com/html/template/assets/img/icons/empty-wallet.svg]
[preclinic.dreamstechnologies.com/html/template/assets/img/icons/user-icon.svg]
[preclinic.dreamstechnologies.com/html/template/assets/img/icons/dep-icon-01.svg]
[preclinic.dreamstechnologies.com/html/template/assets/img/icons/dep-icon-02.svg]
[preclinic.dreamstechnologies.com/html/template/assets/img/icons/dep-icon-03.svg]
[preclinic.dreamstechnologies.com/html/template/assets/img/icons/dep-icon-04.svg]
[preclinic.dreamstechnologies.com/html/template/assets/img/icons/dep-icon-05.svg]
[preclinic.dreamstechnologies.com/html/template/assets/fonts/Feather144f.svg]
[preclinic.dreamstechnologies.com/html/template/assets/img/icons/calendar-icon.svg]
[preclinic.dreamstechnologies.com/html/template/assets/img/icons/right-icon.svg]
[preclinic.dreamstechnologies.com/html/template/assets/img/icons/mass-icon.svg]
[preclinic.dreamstechnologies.com/html/template/assets/img/arrow.svg]
[preclinic.dreamstechnologies.com/html/template/employees.html]
[preclinic.dreamstechnologies.com/html/template/leaves.html]
[preclinic.dreamstechnologies.com/html/template/holidays.html]
[preclinic.dreamstechnologies.com/html/template/attendance.html]
[preclinic.dreamstechnologies.com/html/template/activites.html]
[preclinic.dreamstechnologies.com/html/template/assets/css/bootstrap-datetimepicker.min.css]
[preclinic.dreamstechnologies.com/html/template/assets/css/dataTables.bootstrap4.min.css]
[preclinic.dreamstechnologies.com/html/template/localization-details.html]
[preclinic.dreamstechnologies.com/html/template/payment-settings.html]
[preclinic.dreamstechnologies.com/html/template/email-settings.html]
[preclinic.dreamstechnologies.com/html/template/social-settings.html]
[preclinic.dreamstechnologies.com/html/template/social-links.html]
[preclinic.dreamstechnologies.com/html/template/assets/plugins/bootstrap-tagsinput/css/bootstrap-tagsinput.css]
[preclinic.dreamstechnologies.com/html/template/assets/plugins/bootstrap-tagsinput/js/bootstrap-tagsinput.js]
[preclinic.dreamstechnologies.com/html/template/seo-settings.html]
[preclinic.dreamstechnologies.com/html/template/theme-settings.html]
[preclinic.dreamstechnologies.com/html/template/change-password.html]
[preclinic.dreamstechnologies.com/html/template/assets/css/ckeditor.css]
[preclinic.dreamstechnologies.com/html/template/others-settings.html]
[preclinic.dreamstechnologies.com/html/template/assets/img/icons/login-icon-01.svg]
[preclinic.dreamstechnologies.com/html/template/assets/img/icons/login-icon-02.svg]
[preclinic.dreamstechnologies.com/html/template/assets/img/icons/login-icon-03.svg]
[preclinic.dreamstechnologies.com/html/template/assets/img/icons/doctor-dash-01.svg]
[preclinic.dreamstechnologies.com/html/template/assets/img/icons/doctor-dash-02.svg]
[preclinic.dreamstechnologies.com/html/template/assets/img/icons/doctor-dash-03.svg]
[preclinic.dreamstechnologies.com/html/template/assets/img/icons/doctor-dash-04.svg]
[preclinic.dreamstechnologies.com/html/template/assets/img/icons/sort-icon-01.svg]
[preclinic.dreamstechnologies.com/html/template/assets/img/icons/sort-icon-02.svg]
[preclinic.dreamstechnologies.com/html/template/assets/img/icons/timer.svg]
[preclinic.dreamstechnologies.com/html/template/assets/img/icons/trash.svg]
[preclinic.dreamstechnologies.com/html/template/assets/img/icons/profile.svg]
[preclinic.dreamstechnologies.com/html/template/assets/img/icons/edit.svg]
[preclinic.dreamstechnologies.com/html/template/assets/plugins/simple-calendar/simple-calendar.css]
[preclinic.dreamstechnologies.com/html/template/assets/plugins/slick/slick.css]
[preclinic.dreamstechnologies.com/html/template/assets/js/ckeditor.js]
[preclinic.dreamstechnologies.com/html/template/assets/plugins/slick/ajax-loader.gif]
[preclinic.dreamstechnologies.com/html/template/assets/plugins/slick/fonts/slick.eot]
[preclinic.dreamstechnologies.com/html/template/assets/plugins/slick/fonts/slickd41d.eot]
[preclinic.dreamstechnologies.com/html/template/assets/plugins/slick/fonts/slick.woff]
[preclinic.dreamstechnologies.com/html/template/assets/plugins/slick/fonts/slick.ttf]
[preclinic.dreamstechnologies.com/html/template/assets/plugins/slick/slick-theme.css]
[preclinic.dreamstechnologies.com/html/template/assets/img/icons/report-icon-01.svg]
[preclinic.dreamstechnologies.com/html/template/assets/img/icons/report-icon-02.svg]
[preclinic.dreamstechnologies.com/html/template/assets/img/icons/report-icon-03.svg]
[preclinic.dreamstechnologies.com/html/template/assets/img/icons/report-icon-04.svg]
[preclinic.dreamstechnologies.com/html/template/assets/img/icons/health-img.svg]
[preclinic.dreamstechnologies.com/html/template/assets/img/icons/plus.svg]
[preclinic.dreamstechnologies.com/html/template/assets/img/icons/re-fresh.svg]
[preclinic.dreamstechnologies.com/html/template/assets/img/icons/pdf-icon-01.svg]
[preclinic.dreamstechnologies.com/html/template/assets/img/icons/pdf-icon-02.svg]
[preclinic.dreamstechnologies.com/html/template/assets/img/icons/pdf-icon-03.svg]
[preclinic.dreamstechnologies.com/html/template/assets/img/icons/pdf-icon-04.svg]
[preclinic.dreamstechnologies.com/html/template/assets/img/icons/camera-icon.svg]
[preclinic.dreamstechnologies.com/html/template/assets/img/icons/medal-01.svg]
[preclinic.dreamstechnologies.com/html/template/assets/img/icons/medal-02.svg]
[preclinic.dreamstechnologies.com/html/template/assets/img/icons/medal-03.svg]
[preclinic.dreamstechnologies.com/html/template/doctor-setting.html]
[preclinic.dreamstechnologies.com/html/template/patient-setting.html]
[preclinic.dreamstechnologies.com/html/template/edit-staff.html]
[preclinic.dreamstechnologies.com/html/template/staff-setting.html]
[preclinic.dreamstechnologies.com/html/template/add-leave.html]
[preclinic.dreamstechnologies.com/html/template/edit-leave.html]
[preclinic.dreamstechnologies.com/html/template/create-invoice.html]
[preclinic.dreamstechnologies.com/html/template/invoice-view.html]
[preclinic.dreamstechnologies.com/html/template/edit-invoice.html]
[preclinic.dreamstechnologies.com/html/template/add-payment.html]
[preclinic.dreamstechnologies.com/html/template/edit-payment.html]
[preclinic.dreamstechnologies.com/html/template/add-expense.html]
[preclinic.dreamstechnologies.com/html/template/edit-expense.html]
[preclinic.dreamstechnologies.com/html/template/add-tax.html]
[preclinic.dreamstechnologies.com/html/template/edit-tax.html]
[preclinic.dreamstechnologies.com/html/template/add-provident-fund.html]
[preclinic.dreamstechnologies.com/html/template/edit-provident-fund.html]
[preclinic.dreamstechnologies.com/html/template/assets/plugins/slick/fonts/slick.svg]
[preclinic.dreamstechnologies.com/html/template/add-salary.html]
[preclinic.dreamstechnologies.com/html/template/edit-salary.html]
[preclinic.dreamstechnologies.com/html/template/assets/img/icons/chat-icon-01.svg]
[preclinic.dreamstechnologies.com/html/template/assets/img/icons/chat-icon-02.svg]
[preclinic.dreamstechnologies.com/html/template/assets/img/icons/chat-icon-03.svg]
[preclinic.dreamstechnologies.com/html/template/assets/img/icons/chat-icon-04.svg]
[preclinic.dreamstechnologies.com/html/template/assets/img/icons/chat-icon-07.svg]
[preclinic.dreamstechnologies.com/html/template/assets/img/icons/chat-icon-05.svg]
[preclinic.dreamstechnologies.com/html/template/assets/img/icons/chat-icon-08.svg]
[preclinic.dreamstechnologies.com/html/template/assets/img/icons/chat-icon-06.svg]
[preclinic.dreamstechnologies.com/html/template/assets/img/icons/chat-foot-icon-04.svg]
[preclinic.dreamstechnologies.com/html/template/assets/img/icons/chat-foot-icon-03.svg]
[preclinic.dreamstechnologies.com/html/template/assets/img/icons/chat-foot-icon-01.svg]
[preclinic.dreamstechnologies.com/html/template/assets/img/icons/chat-foot-icon-02.svg]
[preclinic.dreamstechnologies.com/html/template/assets/img/icons/call-incoming.svg]
[preclinic.dreamstechnologies.com/html/template/assets/img/icons/call-outgoing.svg]
[preclinic.dreamstechnologies.com/html/template/assets/img/icons/clock.svg]
[preclinic.dreamstechnologies.com/html/template/assets/img/icons/voice-icon-01.svg]
[preclinic.dreamstechnologies.com/html/template/assets/img/icons/voice-icon-02.svg]
[preclinic.dreamstechnologies.com/html/template/assets/img/icons/voice-icon-03.svg]
[preclinic.dreamstechnologies.com/html/template/assets/img/icons/video-icon-01.svg]
[preclinic.dreamstechnologies.com/html/template/assets/img/icons/video-icon-02.svg]
[preclinic.dreamstechnologies.com/html/template/assets/img/icons/profile-user.svg]
[preclinic.dreamstechnologies.com/html/template/assets/img/icons/video-icon-03.svg]
[preclinic.dreamstechnologies.com/html/template/assets/img/icons/call-icon-03.svg]
[preclinic.dreamstechnologies.com/html/template/assets/img/icons/call-icon-01.svg]
[preclinic.dreamstechnologies.com/html/template/assets/img/icons/call-icon-02.svg]
[preclinic.dreamstechnologies.com/html/template/assets/img/icons/call-remove.svg]
[preclinic.dreamstechnologies.com/html/template/assets/img/icons/call-received.svg]
[preclinic.dreamstechnologies.com/html/template/assets/plugins/summernote/font/summernoted41d.eot]
[preclinic.dreamstechnologies.com/html/template/assets/plugins/summernote/font/summernote.woff2]
[preclinic.dreamstechnologies.com/html/template/assets/plugins/summernote/font/summernote.woff]
[preclinic.dreamstechnologies.com/html/template/assets/plugins/summernote/summernote-bs5.min.css]
[preclinic.dreamstechnologies.com/html/template/assets/img/icons/edit-2.svg]
[preclinic.dreamstechnologies.com/html/template/assets/img/icons/inbox.svg]
[preclinic.dreamstechnologies.com/html/template/assets/img/icons/sent.svg]
[preclinic.dreamstechnologies.com/html/template/assets/img/icons/draft.svg]
[preclinic.dreamstechnologies.com/html/template/assets/img/icons/star.svg]
[preclinic.dreamstechnologies.com/html/template/assets/img/icons/tag-icon-01.svg]
[preclinic.dreamstechnologies.com/html/template/assets/img/icons/tag-icon-02.svg]
[preclinic.dreamstechnologies.com/html/template/assets/img/icons/tag-icon-03.svg]
[preclinic.dreamstechnologies.com/html/template/assets/img/icons/folder-icon-01.svg]
[preclinic.dreamstechnologies.com/html/template/assets/img/icons/folder-icon-02.svg]
[preclinic.dreamstechnologies.com/html/template/assets/img/icons/folder-icon-03.svg]
[preclinic.dreamstechnologies.com/html/template/assets/img/icons/folder-icon-04.svg]
[preclinic.dreamstechnologies.com/html/template/javascript.html]
[preclinic.dreamstechnologies.com/html/template/assets/img/icons/ram.svg]
[preclinic.dreamstechnologies.com/html/template/assets/img/icons/refresh-icon.svg]
[preclinic.dreamstechnologies.com/html/template/assets/img/icons/tag-icon-04.svg]
[preclinic.dreamstechnologies.com/html/template/assets/img/icons/folder-icon-05.svg]
[preclinic.dreamstechnologies.com/html/template/assets/img/icons/clip.svg]
[preclinic.dreamstechnologies.com/html/template/assets/img/icons/star-empty.svg]
[preclinic.dreamstechnologies.com/html/template/assets/img/icons/warning.svg]
[preclinic.dreamstechnologies.com/html/template/assets/img/icons/forward-icon-01.svg]
[preclinic.dreamstechnologies.com/html/template/assets/img/icons/forward-icon-02.svg]
[preclinic.dreamstechnologies.com/html/template/assets/img/icons/forward-icon-03.svg]
[preclinic.dreamstechnologies.com/html/template/assets/img/icons/document-icon.svg]
[preclinic.dreamstechnologies.com/html/template/assets/img/icons/gallery-icon.svg]
[preclinic.dreamstechnologies.com/html/template/assets/img/icons/replay.svg]
[preclinic.dreamstechnologies.com/html/template/assets/img/icons/replay-01.svg]
[preclinic.dreamstechnologies.com/html/template/assets/img/icons/printer.svg]
[preclinic.dreamstechnologies.com/html/template/assets/img/icons/social-01.svg]
[preclinic.dreamstechnologies.com/html/template/assets/img/icons/social-02.svg]
[preclinic.dreamstechnologies.com/html/template/assets/img/icons/social-03.svg]
[preclinic.dreamstechnologies.com/html/template/assets/img/icons/social-04.svg]
[preclinic.dreamstechnologies.com/html/template/assets/img/icons/tag.svg]
[preclinic.dreamstechnologies.com/html/template/assets/css/tagsinput.css]
[preclinic.dreamstechnologies.com/html/template/add-asset.html]
[preclinic.dreamstechnologies.com/html/template/edit-asset.html]
[preclinic.dreamstechnologies.com/html/template/expense-report.html]
[preclinic.dreamstechnologies.com/html/template/invoice-list.html]
[preclinic.dreamstechnologies.com/html/template/invoices-paid.html]
[preclinic.dreamstechnologies.com/html/template/invoices-overdue.html]
[preclinic.dreamstechnologies.com/html/template/invoices-draft.html]
[preclinic.dreamstechnologies.com/html/template/invoices-recurring.html]
[preclinic.dreamstechnologies.com/html/template/invoices-cancelled.html]
[preclinic.dreamstechnologies.com/html/template/assets/img/invoices-icon1.svg]
[preclinic.dreamstechnologies.com/html/template/assets/img/invoices-icon2.svg]
[preclinic.dreamstechnologies.com/html/template/assets/img/invoices-icon3.svg]
[preclinic.dreamstechnologies.com/html/template/assets/img/invoices-icon4.svg]
[preclinic.dreamstechnologies.com/html/template/tax-settings.html]
[preclinic.dreamstechnologies.com/html/template/bank-settings.html]
[preclinic.dreamstechnologies.com/html/template/assets/plugins/lightbox/glightbox.min.css]
[preclinic.dreamstechnologies.com/html/template/assets/plugins/ion-rangeslider/css/ion.rangeSlider.min.css]
[preclinic.dreamstechnologies.com/html/template/assets/plugins/toastr/toatr.css]
[preclinic.dreamstechnologies.com/html/template/assets/plugins/dragula/css/dragula.min.css]
[preclinic.dreamstechnologies.com/html/template/assets/plugins/summernote/font/summernote.ttf]
[preclinic.dreamstechnologies.com/html/template/assets/plugins/summernote/summernote-bs4.min.css]
[preclinic.dreamstechnologies.com/html/template/assets/plugins/scrollbar/scroll.min.css]
[preclinic.dreamstechnologies.com/html/template/customer-ledger.html]
[preclinic.dreamstechnologies.com/html/template/assets/plugins/alertify/alertify.min.css]
[preclinic.dreamstechnologies.com/html/template/assets/plugins/stickynote/sticky.css]
[preclinic.dreamstechnologies.com/html/template/assets/plugins/c3-chart/c3.min.css]
[preclinic.dreamstechnologies.com/html/template/assets/plugins/summernote/font/summernote.eot]
[preclinic.dreamstechnologies.com/html/template/assets/plugins/icons/flags/flags/ad.png]
[preclinic.dreamstechnologies.com/html/template/assets/plugins/icons/flags/flags/ae.png]
[preclinic.dreamstechnologies.com/html/template/assets/plugins/icons/flags/flags/af.png]
[preclinic.dreamstechnologies.com/html/template/assets/plugins/icons/flags/flags/ag.png]
[preclinic.dreamstechnologies.com/html/template/assets/plugins/icons/flags/flags/ai.png]
[preclinic.dreamstechnologies.com/html/template/assets/plugins/icons/flags/flags/al.png]
[preclinic.dreamstechnologies.com/html/template/assets/plugins/icons/flags/flags/am.png]
[preclinic.dreamstechnologies.com/html/template/assets/plugins/icons/flags/flags/ao.png]
[preclinic.dreamstechnologies.com/html/template/assets/plugins/icons/flags/flags/aq.png]
[preclinic.dreamstechnologies.com/html/template/assets/plugins/icons/flags/flags/ar.png]
[preclinic.dreamstechnologies.com/html/template/assets/plugins/icons/flags/flags/as.png]
[preclinic.dreamstechnologies.com/html/template/assets/plugins/icons/flags/flags/at.png]
[preclinic.dreamstechnologies.com/html/template/assets/plugins/icons/flags/flags/au.png]
[preclinic.dreamstechnologies.com/html/template/assets/plugins/icons/flags/flags/aw.png]
[preclinic.dreamstechnologies.com/html/template/assets/plugins/icons/flags/flags/ax.png]
[preclinic.dreamstechnologies.com/html/template/assets/plugins/icons/flags/flags/az.png]
[preclinic.dreamstechnologies.com/html/template/assets/plugins/icons/flags/flags/ba.png]
[preclinic.dreamstechnologies.com/html/template/assets/plugins/icons/flags/flags/bb.png]
[preclinic.dreamstechnologies.com/html/template/assets/plugins/icons/flags/flags/bd.png]
[preclinic.dreamstechnologies.com/html/template/assets/plugins/icons/flags/flags/be.png]
[preclinic.dreamstechnologies.com/html/template/assets/plugins/icons/flags/flags/bf.png]
[preclinic.dreamstechnologies.com/html/template/assets/plugins/icons/flags/flags/bg.png]
[preclinic.dreamstechnologies.com/html/template/assets/plugins/icons/flags/flags/bh.png]
[preclinic.dreamstechnologies.com/html/template/assets/plugins/icons/flags/flags/bi.png]
[preclinic.dreamstechnologies.com/html/template/assets/plugins/icons/flags/flags/bj.png]
[preclinic.dreamstechnologies.com/html/template/assets/plugins/icons/flags/flags/bl.png]
[preclinic.dreamstechnologies.com/html/template/assets/plugins/icons/flags/flags/bm.png]
[preclinic.dreamstechnologies.com/html/template/assets/plugins/icons/flags/flags/bn.png]
[preclinic.dreamstechnologies.com/html/template/assets/plugins/icons/flags/flags/bo.png]
[preclinic.dreamstechnologies.com/html/template/assets/plugins/icons/flags/flags/bq.png]
[preclinic.dreamstechnologies.com/html/template/assets/plugins/icons/flags/flags/br.png]
[preclinic.dreamstechnologies.com/html/template/assets/plugins/icons/flags/flags/bs.png]
[preclinic.dreamstechnologies.com/html/template/assets/plugins/icons/flags/flags/bt.png]
[preclinic.dreamstechnologies.com/html/template/assets/plugins/icons/flags/flags/bv.png]
[preclinic.dreamstechnologies.com/html/template/assets/plugins/icons/flags/flags/bw.png]
[preclinic.dreamstechnologies.com/html/template/assets/plugins/icons/flags/flags/by.png]
[preclinic.dreamstechnologies.com/html/template/assets/plugins/icons/flags/flags/bz.png]
[preclinic.dreamstechnologies.com/html/template/assets/plugins/icons/flags/flags/ca.png]
[preclinic.dreamstechnologies.com/html/template/assets/plugins/icons/flags/flags/cc.png]
[preclinic.dreamstechnologies.com/html/template/assets/plugins/icons/flags/flags/cd.png]
[preclinic.dreamstechnologies.com/html/template/assets/plugins/icons/flags/flags/cf.png]
[preclinic.dreamstechnologies.com/html/template/assets/plugins/icons/flags/flags/cg.png]
[preclinic.dreamstechnologies.com/html/template/assets/plugins/icons/flags/flags/ch.png]
[preclinic.dreamstechnologies.com/html/template/assets/plugins/icons/flags/flags/ci.png]
[preclinic.dreamstechnologies.com/html/template/assets/plugins/icons/flags/flags/ck.png]
[preclinic.dreamstechnologies.com/html/template/assets/plugins/icons/flags/flags/cl.png]
[preclinic.dreamstechnologies.com/html/template/assets/plugins/icons/flags/flags/cm.png]
[preclinic.dreamstechnologies.com/html/template/assets/plugins/icons/flags/flags/cn.png]
[preclinic.dreamstechnologies.com/html/template/assets/plugins/icons/flags/flags/co.png]
[preclinic.dreamstechnologies.com/html/template/assets/plugins/icons/flags/flags/cr.png]
[preclinic.dreamstechnologies.com/html/template/assets/plugins/icons/flags/flags/cu.png]
[preclinic.dreamstechnologies.com/html/template/assets/plugins/icons/flags/flags/cv.png]
[preclinic.dreamstechnologies.com/html/template/assets/plugins/icons/flags/flags/cw.png]
[preclinic.dreamstechnologies.com/html/template/assets/plugins/icons/flags/flags/cx.png]
[preclinic.dreamstechnologies.com/html/template/assets/plugins/icons/flags/flags/cy.png]
[preclinic.dreamstechnologies.com/html/template/assets/plugins/icons/flags/flags/cz.png]
[preclinic.dreamstechnologies.com/html/template/assets/plugins/icons/flags/flags/de.png]
[preclinic.dreamstechnologies.com/html/template/assets/plugins/icons/flags/flags/dj.png]
[preclinic.dreamstechnologies.com/html/template/assets/plugins/icons/flags/flags/dk.png]
[preclinic.dreamstechnologies.com/html/template/assets/plugins/icons/flags/flags/dm.png]
[preclinic.dreamstechnologies.com/html/template/assets/plugins/icons/flags/flags/do.png]
[preclinic.dreamstechnologies.com/html/template/assets/plugins/icons/flags/flags/dz.png]
[preclinic.dreamstechnologies.com/html/template/assets/plugins/icons/flags/flags/ec.png]
[preclinic.dreamstechnologies.com/html/template/assets/plugins/icons/flags/flags/ee.png]
[preclinic.dreamstechnologies.com/html/template/assets/plugins/icons/flags/flags/eg.png]
[preclinic.dreamstechnologies.com/html/template/assets/plugins/icons/flags/flags/eh.png]
[preclinic.dreamstechnologies.com/html/template/assets/plugins/icons/flags/flags/er.png]
[preclinic.dreamstechnologies.com/html/template/assets/plugins/icons/flags/flags/es.png]
[preclinic.dreamstechnologies.com/html/template/assets/plugins/icons/flags/flags/et.png]
[preclinic.dreamstechnologies.com/html/template/assets/plugins/icons/flags/flags/eu.png]
[preclinic.dreamstechnologies.com/html/template/assets/plugins/icons/flags/flags/fi.png]
[preclinic.dreamstechnologies.com/html/template/assets/plugins/icons/flags/flags/fj.png]
[preclinic.dreamstechnologies.com/html/template/assets/plugins/icons/flags/flags/fk.png]
[preclinic.dreamstechnologies.com/html/template/assets/plugins/icons/flags/flags/fm.png]
[preclinic.dreamstechnologies.com/html/template/assets/plugins/icons/flags/flags/fo.png]
[preclinic.dreamstechnologies.com/html/template/assets/plugins/icons/flags/flags/fr.png]
[preclinic.dreamstechnologies.com/html/template/assets/plugins/icons/flags/flags/ga.png]
[preclinic.dreamstechnologies.com/html/template/assets/plugins/icons/flags/flags/gb-eng.png]
[preclinic.dreamstechnologies.com/html/template/assets/plugins/icons/flags/flags/gb-nir.png]
[preclinic.dreamstechnologies.com/html/template/assets/plugins/icons/flags/flags/gb-sct.png]
[preclinic.dreamstechnologies.com/html/template/assets/plugins/icons/flags/flags/gb-wls.png]
[preclinic.dreamstechnologies.com/html/template/assets/plugins/icons/flags/flags/gb.png]
[preclinic.dreamstechnologies.com/html/template/assets/plugins/icons/flags/flags/gd.png]
[preclinic.dreamstechnologies.com/html/template/assets/plugins/icons/flags/flags/ge.png]
[preclinic.dreamstechnologies.com/html/template/assets/plugins/icons/flags/flags/gf.png]
[preclinic.dreamstechnologies.com/html/template/assets/plugins/icons/flags/flags/gg.png]
[preclinic.dreamstechnologies.com/html/template/assets/plugins/icons/flags/flags/gh.png]
[preclinic.dreamstechnologies.com/html/template/assets/plugins/icons/flags/flags/gi.png]
[preclinic.dreamstechnologies.com/html/template/assets/plugins/icons/flags/flags/gl.png]
[preclinic.dreamstechnologies.com/html/template/assets/plugins/icons/flags/flags/gm.png]
[preclinic.dreamstechnologies.com/html/template/assets/plugins/icons/flags/flags/gn.png]
[preclinic.dreamstechnologies.com/html/template/assets/plugins/icons/flags/flags/gp.png]
[preclinic.dreamstechnologies.com/html/template/assets/plugins/icons/flags/flags/gq.png]
[preclinic.dreamstechnologies.com/html/template/assets/plugins/icons/flags/flags/gr.png]
[preclinic.dreamstechnologies.com/html/template/assets/plugins/icons/flags/flags/gs.png]
[preclinic.dreamstechnologies.com/html/template/assets/plugins/icons/flags/flags/gt.png]
[preclinic.dreamstechnologies.com/html/template/assets/plugins/icons/flags/flags/gu.png]
[preclinic.dreamstechnologies.com/html/template/assets/plugins/icons/flags/flags/gw.png]
[preclinic.dreamstechnologies.com/html/template/assets/plugins/icons/flags/flags/gy.png]
[preclinic.dreamstechnologies.com/html/template/assets/plugins/icons/flags/flags/hk.png]
[preclinic.dreamstechnologies.com/html/template/assets/plugins/icons/flags/flags/hm.png]
[preclinic.dreamstechnologies.com/html/template/assets/plugins/icons/flags/flags/hn.png]
[preclinic.dreamstechnologies.com/html/template/assets/plugins/icons/flags/flags/hr.png]
[preclinic.dreamstechnologies.com/html/template/assets/plugins/icons/flags/flags/ht.png]
[preclinic.dreamstechnologies.com/html/template/assets/plugins/icons/flags/flags/hu.png]
[preclinic.dreamstechnologies.com/html/template/assets/plugins/icons/flags/flags/id.png]
[preclinic.dreamstechnologies.com/html/template/assets/plugins/icons/flags/flags/ie.png]
[preclinic.dreamstechnologies.com/html/template/assets/plugins/icons/flags/flags/il.png]
[preclinic.dreamstechnologies.com/html/template/assets/plugins/icons/flags/flags/im.png]
[preclinic.dreamstechnologies.com/html/template/assets/plugins/icons/flags/flags/in.png]
[preclinic.dreamstechnologies.com/html/template/assets/plugins/icons/flags/flags/io.png]
[preclinic.dreamstechnologies.com/html/template/assets/plugins/icons/flags/flags/iq.png]
[preclinic.dreamstechnologies.com/html/template/assets/plugins/icons/flags/flags/ir.png]
[preclinic.dreamstechnologies.com/html/template/assets/plugins/icons/flags/flags/is.png]
[preclinic.dreamstechnologies.com/html/template/assets/plugins/icons/flags/flags/it.png]
[preclinic.dreamstechnologies.com/html/template/assets/plugins/icons/flags/flags/je.png]
[preclinic.dreamstechnologies.com/html/template/assets/plugins/icons/flags/flags/jm.png]
[preclinic.dreamstechnologies.com/html/template/assets/plugins/icons/flags/flags/jo.png]
[preclinic.dreamstechnologies.com/html/template/assets/plugins/icons/flags/flags/jp.png]
[preclinic.dreamstechnologies.com/html/template/assets/plugins/icons/flags/flags/ke.png]
[preclinic.dreamstechnologies.com/html/template/assets/plugins/icons/flags/flags/kg.png]
[preclinic.dreamstechnologies.com/html/template/assets/plugins/icons/flags/flags/kh.png]
[preclinic.dreamstechnologies.com/html/template/assets/plugins/icons/flags/flags/ki.png]
[preclinic.dreamstechnologies.com/html/template/assets/plugins/icons/flags/flags/km.png]
[preclinic.dreamstechnologies.com/html/template/assets/plugins/icons/flags/flags/kn.png]
[preclinic.dreamstechnologies.com/html/template/assets/plugins/icons/flags/flags/kp.png]
[preclinic.dreamstechnologies.com/html/template/assets/plugins/icons/flags/flags/kr.png]
[preclinic.dreamstechnologies.com/html/template/assets/plugins/icons/flags/flags/kw.png]
[preclinic.dreamstechnologies.com/html/template/assets/plugins/icons/flags/flags/ky.png]
[preclinic.dreamstechnologies.com/html/template/assets/plugins/icons/flags/flags/kz.png]
[preclinic.dreamstechnologies.com/html/template/assets/plugins/icons/flags/flags/la.png]
[preclinic.dreamstechnologies.com/html/template/assets/plugins/icons/flags/flags/lb.png]
[preclinic.dreamstechnologies.com/html/template/assets/plugins/icons/flags/flags/lc.png]
[preclinic.dreamstechnologies.com/html/template/assets/plugins/icons/flags/flags/li.png]
[preclinic.dreamstechnologies.com/html/template/assets/plugins/icons/flags/flags/lk.png]
[preclinic.dreamstechnologies.com/html/template/assets/plugins/icons/flags/flags/lr.png]
[preclinic.dreamstechnologies.com/html/template/assets/plugins/icons/flags/flags/ls.png]
[preclinic.dreamstechnologies.com/html/template/assets/plugins/icons/flags/flags/lt.png]
[preclinic.dreamstechnologies.com/html/template/assets/plugins/icons/flags/flags/lu.png]
[preclinic.dreamstechnologies.com/html/template/assets/plugins/icons/flags/flags/lv.png]
[preclinic.dreamstechnologies.com/html/template/assets/plugins/icons/flags/flags/ly.png]
[preclinic.dreamstechnologies.com/html/template/assets/plugins/icons/flags/flags/ma.png]
[preclinic.dreamstechnologies.com/html/template/assets/plugins/icons/flags/flags/mc.png]
[preclinic.dreamstechnologies.com/html/template/assets/plugins/icons/flags/flags/md.png]
[preclinic.dreamstechnologies.com/html/template/assets/plugins/icons/flags/flags/me.png]
[preclinic.dreamstechnologies.com/html/template/assets/plugins/icons/flags/flags/mf.png]
[preclinic.dreamstechnologies.com/html/template/assets/plugins/icons/flags/flags/mg.png]
[preclinic.dreamstechnologies.com/html/template/assets/plugins/icons/flags/flags/mh.png]
[preclinic.dreamstechnologies.com/html/template/assets/plugins/icons/flags/flags/mk.png]
[preclinic.dreamstechnologies.com/html/template/assets/plugins/icons/flags/flags/ml.png]
[preclinic.dreamstechnologies.com/html/template/assets/plugins/icons/flags/flags/mm.png]
[preclinic.dreamstechnologies.com/html/template/assets/plugins/icons/flags/flags/mn.png]
[preclinic.dreamstechnologies.com/html/template/assets/plugins/icons/flags/flags/mo.png]
[preclinic.dreamstechnologies.com/html/template/assets/plugins/icons/flags/flags/mp.png]
[preclinic.dreamstechnologies.com/html/template/assets/plugins/icons/flags/flags/mq.png]
[preclinic.dreamstechnologies.com/html/template/assets/plugins/icons/flags/flags/mr.png]
[preclinic.dreamstechnologies.com/html/template/assets/plugins/icons/flags/flags/ms.png]
[preclinic.dreamstechnologies.com/html/template/assets/plugins/icons/flags/flags/mt.png]
[preclinic.dreamstechnologies.com/html/template/assets/plugins/icons/flags/flags/mu.png]
[preclinic.dreamstechnologies.com/html/template/assets/plugins/icons/flags/flags/mv.png]
[preclinic.dreamstechnologies.com/html/template/assets/plugins/icons/flags/flags/mw.png]
[preclinic.dreamstechnologies.com/html/template/assets/plugins/icons/flags/flags/mx.png]
[preclinic.dreamstechnologies.com/html/template/assets/plugins/icons/flags/flags/my.png]
[preclinic.dreamstechnologies.com/html/template/assets/plugins/icons/flags/flags/mz.png]
[preclinic.dreamstechnologies.com/html/template/assets/plugins/icons/flags/flags/na.png]
[preclinic.dreamstechnologies.com/html/template/assets/plugins/icons/flags/flags/nc.png]
[preclinic.dreamstechnologies.com/html/template/assets/plugins/icons/flags/flags/ne.png]
[preclinic.dreamstechnologies.com/html/template/assets/plugins/icons/flags/flags/nf.png]
[preclinic.dreamstechnologies.com/html/template/assets/plugins/icons/flags/flags/ng.png]
[preclinic.dreamstechnologies.com/html/template/assets/plugins/icons/flags/flags/ni.png]
[preclinic.dreamstechnologies.com/html/template/assets/plugins/icons/flags/flags/nl.png]
[preclinic.dreamstechnologies.com/html/template/assets/plugins/icons/flags/flags/no.png]
[preclinic.dreamstechnologies.com/html/template/assets/plugins/icons/flags/flags/np.png]
[preclinic.dreamstechnologies.com/html/template/assets/plugins/icons/flags/flags/nr.png]
[preclinic.dreamstechnologies.com/html/template/assets/plugins/icons/flags/flags/nu.png]
[preclinic.dreamstechnologies.com/html/template/assets/plugins/icons/flags/flags/nz.png]
[preclinic.dreamstechnologies.com/html/template/assets/plugins/icons/flags/flags/om.png]
[preclinic.dreamstechnologies.com/html/template/assets/plugins/icons/flags/flags/pa.png]
[preclinic.dreamstechnologies.com/html/template/assets/plugins/icons/flags/flags/pe.png]
[preclinic.dreamstechnologies.com/html/template/assets/plugins/icons/flags/flags/pf.png]
[preclinic.dreamstechnologies.com/html/template/assets/plugins/icons/flags/flags/pg.png]
[preclinic.dreamstechnologies.com/html/template/assets/plugins/icons/flags/flags/ph.png]
[preclinic.dreamstechnologies.com/html/template/assets/plugins/icons/flags/flags/pk.png]
[preclinic.dreamstechnologies.com/html/template/assets/plugins/icons/flags/flags/pl.png]
[preclinic.dreamstechnologies.com/html/template/assets/plugins/icons/flags/flags/pm.png]
[preclinic.dreamstechnologies.com/html/template/assets/plugins/icons/flags/flags/pn.png]
[preclinic.dreamstechnologies.com/html/template/assets/plugins/icons/flags/flags/pr.png]
[preclinic.dreamstechnologies.com/html/template/assets/plugins/icons/flags/flags/ps.png]
[preclinic.dreamstechnologies.com/html/template/assets/plugins/icons/flags/flags/pt.png]
[preclinic.dreamstechnologies.com/html/template/assets/plugins/icons/flags/flags/pw.png]
[preclinic.dreamstechnologies.com/html/template/assets/plugins/icons/flags/flags/py.png]
[preclinic.dreamstechnologies.com/html/template/assets/plugins/icons/flags/flags/qa.png]
[preclinic.dreamstechnologies.com/html/template/assets/plugins/icons/flags/flags/re.png]
[preclinic.dreamstechnologies.com/html/template/assets/plugins/icons/flags/flags/ro.png]
[preclinic.dreamstechnologies.com/html/template/assets/plugins/icons/flags/flags/rs.png]
[preclinic.dreamstechnologies.com/html/template/assets/plugins/icons/flags/flags/ru.png]
[preclinic.dreamstechnologies.com/html/template/assets/plugins/icons/flags/flags/rw.png]
[preclinic.dreamstechnologies.com/html/template/assets/plugins/icons/flags/flags/sa.png]
[preclinic.dreamstechnologies.com/html/template/assets/plugins/icons/flags/flags/sb.png]
[preclinic.dreamstechnologies.com/html/template/assets/plugins/icons/flags/flags/sc.png]
[preclinic.dreamstechnologies.com/html/template/assets/plugins/icons/flags/flags/sd.png]
[preclinic.dreamstechnologies.com/html/template/assets/plugins/icons/flags/flags/se.png]
[preclinic.dreamstechnologies.com/html/template/assets/plugins/icons/flags/flags/sg.png]
[preclinic.dreamstechnologies.com/html/template/assets/plugins/icons/flags/flags/sh.png]
[preclinic.dreamstechnologies.com/html/template/assets/plugins/icons/flags/flags/si.png]
[preclinic.dreamstechnologies.com/html/template/assets/plugins/icons/flags/flags/sj.png]
[preclinic.dreamstechnologies.com/html/template/assets/plugins/icons/flags/flags/sk.png]
[preclinic.dreamstechnologies.com/html/template/assets/plugins/icons/flags/flags/sl.png]
[preclinic.dreamstechnologies.com/html/template/assets/plugins/icons/flags/flags/sm.png]
[preclinic.dreamstechnologies.com/html/template/assets/plugins/icons/flags/flags/sn.png]
[preclinic.dreamstechnologies.com/html/template/assets/plugins/icons/flags/flags/so.png]
[preclinic.dreamstechnologies.com/html/template/assets/plugins/icons/flags/flags/sr.png]
[preclinic.dreamstechnologies.com/html/template/assets/plugins/icons/flags/flags/ss.png]
[preclinic.dreamstechnologies.com/html/template/assets/plugins/icons/flags/flags/st.png]
[preclinic.dreamstechnologies.com/html/template/assets/plugins/icons/flags/flags/sv.png]
[preclinic.dreamstechnologies.com/html/template/assets/plugins/icons/flags/flags/sx.png]
[preclinic.dreamstechnologies.com/html/template/assets/plugins/icons/flags/flags/sy.png]
[preclinic.dreamstechnologies.com/html/template/assets/plugins/icons/flags/flags/sz.png]
[preclinic.dreamstechnologies.com/html/template/assets/plugins/icons/flags/flags/tc.png]
[preclinic.dreamstechnologies.com/html/template/assets/plugins/icons/flags/flags/td.png]
[preclinic.dreamstechnologies.com/html/template/assets/plugins/icons/flags/flags/tf.png]
[preclinic.dreamstechnologies.com/html/template/assets/plugins/icons/flags/flags/tg.png]
[preclinic.dreamstechnologies.com/html/template/assets/plugins/icons/flags/flags/th.png]
[preclinic.dreamstechnologies.com/html/template/assets/plugins/icons/flags/flags/tj.png]
[preclinic.dreamstechnologies.com/html/template/assets/plugins/icons/flags/flags/tk.png]
[preclinic.dreamstechnologies.com/html/template/assets/plugins/icons/flags/flags/tl.png]
[preclinic.dreamstechnologies.com/html/template/assets/plugins/icons/flags/flags/tm.png]
[preclinic.dreamstechnologies.com/html/template/assets/plugins/icons/flags/flags/tn.png]
[preclinic.dreamstechnologies.com/html/template/assets/plugins/icons/flags/flags/to.png]
[preclinic.dreamstechnologies.com/html/template/assets/plugins/icons/flags/flags/tr.png]
[preclinic.dreamstechnologies.com/html/template/assets/plugins/icons/flags/flags/tt.png]
[preclinic.dreamstechnologies.com/html/template/assets/plugins/icons/flags/flags/tv.png]
[preclinic.dreamstechnologies.com/html/template/assets/plugins/icons/flags/flags/tw.png]
[preclinic.dreamstechnologies.com/html/template/assets/plugins/icons/flags/flags/tz.png]
[preclinic.dreamstechnologies.com/html/template/assets/plugins/icons/flags/flags/ua.png]
[preclinic.dreamstechnologies.com/html/template/assets/plugins/icons/flags/flags/ug.png]
[preclinic.dreamstechnologies.com/html/template/assets/plugins/icons/flags/flags/um.png]
[preclinic.dreamstechnologies.com/html/template/assets/plugins/icons/flags/flags/un.png]
[preclinic.dreamstechnologies.com/html/template/assets/plugins/icons/flags/flags/us.png]
[preclinic.dreamstechnologies.com/html/template/assets/plugins/icons/flags/flags/uy.png]
[preclinic.dreamstechnologies.com/html/template/assets/plugins/icons/flags/flags/uz.png]
[preclinic.dreamstechnologies.com/html/template/assets/plugins/icons/flags/flags/va.png]
[preclinic.dreamstechnologies.com/html/template/assets/plugins/icons/flags/flags/vc.png]
[preclinic.dreamstechnologies.com/html/template/assets/plugins/icons/flags/flags/ve.png]
[preclinic.dreamstechnologies.com/html/template/assets/plugins/icons/flags/flags/vg.png]
[preclinic.dreamstechnologies.com/html/template/assets/plugins/icons/flags/flags/vi.png]
[preclinic.dreamstechnologies.com/html/template/assets/plugins/icons/flags/flags/vn.png]
[preclinic.dreamstechnologies.com/html/template/assets/plugins/icons/flags/flags/vu.png]
[preclinic.dreamstechnologies.com/html/template/assets/plugins/icons/flags/flags/wf.png]
[preclinic.dreamstechnologies.com/html/template/assets/plugins/icons/flags/flags/ws.png]
[preclinic.dreamstechnologies.com/html/template/assets/plugins/icons/flags/flags/ye.png]
[preclinic.dreamstechnologies.com/html/template/assets/plugins/icons/flags/flags/yt.png]
[preclinic.dreamstechnologies.com/html/template/assets/plugins/icons/flags/flags/za.png]
[preclinic.dreamstechnologies.com/html/template/assets/plugins/icons/flags/flags/zm.png]
[preclinic.dreamstechnologies.com/html/template/assets/plugins/icons/flags/flags/zw.png]
[preclinic.dreamstechnologies.com/html/template/assets/plugins/icons/flags/flags.css]
[preclinic.dreamstechnologies.com/html/template/assets/plugins/icons/ionic/fonts/ioniconsaa26.eot]
[preclinic.dreamstechnologies.com/html/template/assets/plugins/icons/ionic/fonts/ioniconsaa26.ttf]
[preclinic.dreamstechnologies.com/html/template/assets/plugins/icons/ionic/fonts/ionicons.305aa26.delayed]
[preclinic.dreamstechnologies.com/html/template/assets/plugins/icons/ionic/fonts/ioniconsaa26.svg]
[preclinic.dreamstechnologies.com/html/template/assets/plugins/icons/ionic/ionicons.css]
[preclinic.dreamstechnologies.com/html/template/assets/plugins/material/fonts/materialdesignicons-webfontdf71.eot]
[preclinic.dreamstechnologies.com/html/template/assets/plugins/material/fonts/materialdesignicons-webfontd41d.eot]
[preclinic.dreamstechnologies.com/html/template/assets/plugins/material/fonts/materialdesignicons-webfontdf71.woff2]
[preclinic.dreamstechnologies.com/html/template/assets/plugins/material/fonts/materialdesignicons/materialdesignicons-webfontdf71.woff]
[preclinic.dreamstechnologies.com/html/template/assets/plugins/material/fonts/materialdesignicons/materialdesignicons-webfontdf71.ttf]
[preclinic.dreamstechnologies.com/html/template/assets/plugins/material/fonts/materialdesignicons/materialdesignicons-webfontdf71.svg]
[preclinic.dreamstechnologies.com/html/template/assets/plugins/material/fonts/Material-Design-Iconic-Fontd1f1.woff2]
[preclinic.dreamstechnologies.com/html/template/assets/plugins/material/fonts/Material-Design-Iconic-Fontd1f1.woff]
[preclinic.dreamstechnologies.com/html/template/assets/plugins/material/fonts/Material-Design-Iconic-Fontd1f1.ttf]
[preclinic.dreamstechnologies.com/html/template/assets/plugins/material/materialdesignicons.css]
[preclinic.dreamstechnologies.com/html/template/assets/plugins/icons/pe7/fonts/Pe-icon-7-strokebb1d.eot]
[preclinic.dreamstechnologies.com/html/template/assets/plugins/icons/pe7/fonts/Pe-icon-7-stroked41d.eot]
[preclinic.dreamstechnologies.com/html/template/assets/plugins/icons/pe7/fonts/Pe-icon-7-strokebb1d.woff]
[preclinic.dreamstechnologies.com/html/template/assets/plugins/icons/pe7/fonts/Pe-icon-7-strokebb1d.ttf]
[preclinic.dreamstechnologies.com/html/template/assets/plugins/icons/pe7/fonts/Pe-icon-7-strokebb1d.svg]
[preclinic.dreamstechnologies.com/html/template/assets/plugins/icons/pe7/pe-icon-7.css]
[preclinic.dreamstechnologies.com/html/template/assets/plugins/simpleline/fonts/Simple-Line-Iconsb26c.eot]
[preclinic.dreamstechnologies.com/html/template/assets/plugins/simpleline/fonts/Simple-Line-Iconsb26c.woff2]
[preclinic.dreamstechnologies.com/html/template/assets/plugins/simpleline/fonts/Simple-Line-Iconsb26c.ttf]
[preclinic.dreamstechnologies.com/html/template/assets/plugins/simpleline/fonts/Simple-Line-Iconsb26c.woff]
[preclinic.dreamstechnologies.com/html/template/assets/plugins/simpleline/fonts/Simple-Line-Iconsb26c.svg]
[preclinic.dreamstechnologies.com/html/template/assets/plugins/simpleline/simple-line-icons.css]
[preclinic.dreamstechnologies.com/html/template/assets/plugins/icons/themify/fonts/themify9f24.eot]
[preclinic.dreamstechnologies.com/html/template/assets/plugins/icons/themify/fonts/themifyd41d.eot]
[preclinic.dreamstechnologies.com/html/template/assets/plugins/icons/themify/fonts/themify9f24.woff]
[preclinic.dreamstechnologies.com/html/template/assets/plugins/icons/themify/fonts/themify9f24.ttf]
[preclinic.dreamstechnologies.com/html/template/assets/plugins/icons/themify/fonts/themify9f24.svg]
[preclinic.dreamstechnologies.com/html/template/assets/plugins/icons/themify/themify.css]
[preclinic.dreamstechnologies.com/html/template/assets/plugins/icons/weather/fonts/weathericons-regular-webfont.eot]
[preclinic.dreamstechnologies.com/html/template/assets/plugins/icons/weather/fonts/weathericons-regular-webfontd41d.eot]
[preclinic.dreamstechnologies.com/html/template/assets/plugins/icons/weather/fonts/weathericons-regular-webfont.woff2]
[preclinic.dreamstechnologies.com/html/template/assets/plugins/icons/weather/fonts/weathericons-regular-webfont.woff]
[preclinic.dreamstechnologies.com/html/template/assets/plugins/icons/weather/fonts/weathericons-regular-webfont.ttf]
[preclinic.dreamstechnologies.com/html/template/assets/plugins/icons/weather/fonts/weathericons-regular-webfont.svg]
[preclinic.dreamstechnologies.com/html/template/assets/plugins/icons/weather/weathericons.css]
[preclinic.dreamstechnologies.com/html/template/assets/plugins/icons/typicons/fonts/typicons.eot]
[preclinic.dreamstechnologies.com/html/template/assets/plugins/icons/typicons/fonts/typiconsd41d.eot]
[preclinic.dreamstechnologies.com/html/template/assets/plugins/icons/typicons/fonts/typicons.woff]
[preclinic.dreamstechnologies.com/html/template/assets/plugins/icons/typicons/fonts/typicons.ttf]
[preclinic.dreamstechnologies.com/html/template/assets/plugins/icons/typicons/fonts/typicons.svg]
[preclinic.dreamstechnologies.com/html/template/assets/plugins/icons/typicons/typicons.css]
[preclinic.dreamstechnologies.com/html/template/assets/css/fullcalendar.min.css]
[preclinic.dreamstechnologies.com/html/template/assets/plugins/light-gallery/fonts/lgd641.eot]
[preclinic.dreamstechnologies.com/html/template/assets/plugins/light-gallery/fonts/lgd41d.eot]
[preclinic.dreamstechnologies.com/html/template/assets/plugins/light-gallery/fonts/lgd641.woff]
[preclinic.dreamstechnologies.com/html/template/assets/plugins/light-gallery/fonts/lgd641.ttf]
[preclinic.dreamstechnologies.com/html/template/assets/plugins/light-gallery/fonts/lgd641.svg]
[preclinic.dreamstechnologies.com/html/template/assets/plugins/light-gallery/img/vimeo-play.png]
[preclinic.dreamstechnologies.com/html/template/assets/plugins/light-gallery/img/video-play.png]
[preclinic.dreamstechnologies.com/html/template/assets/plugins/light-gallery/img/youtube-play.png]
[preclinic.dreamstechnologies.com/html/template/assets/plugins/light-gallery/img/loading.gif]
[preclinic.dreamstechnologies.com/html/template/assets/plugins/light-gallery/css/lightgallery.min.css]
[preclinic.dreamstechnologies.com/html/template/assets/img/icons/danger.svg]
[preclinic.dreamstechnologies.com/html/template/assets/plugins/bootstrap-tagsinput/css/bootstrap-tagsinput.css]
[preclinic.dreamstechnologies.com/html/template/assets/img/github.svg]
[preclinic.dreamstechnologies.com/html/template/assets/css/ckeditor.css]
[preclinic.dreamstechnologies.com/html/template/assets/plugins/slick/fonts/slick.svg]
[preclinic.dreamstechnologies.com/html/template/assets/plugins/icons/flags/flags/aq.html]
[preclinic.dreamstechnologies.com/html/template/assets/plugins/icons/flags/flags/eh.html]
[preclinic.dreamstechnologies.com/html/template/assets/plugins/icons/flags/flags/eu.html]
[preclinic.dreamstechnologies.com/html/template/assets/plugins/icons/flags/flags/gb-eng.html]
[preclinic.dreamstechnologies.com/html/template/assets/plugins/icons/flags/flags/gb-nir.html]
[preclinic.dreamstechnologies.com/html/template/assets/plugins/icons/flags/flags/gb-sct.html]
[preclinic.dreamstechnologies.com/html/template/assets/plugins/icons/flags/flags/gb-wls.html]
[preclinic.dreamstechnologies.com/html/template/assets/plugins/icons/flags/flags/hm.html]
[preclinic.dreamstechnologies.com/html/template/assets/plugins/icons/flags/flags/mf.html]
[preclinic.dreamstechnologies.com/html/template/assets/plugins/icons/flags/flags/sj.html]
[preclinic.dreamstechnologies.com/html/template/assets/plugins/icons/flags/flags/un.html]
[preclinic.dreamstechnologies.com/html/template/assets/plugins/icons/ionic/fonts/ioniconsaa26.html]
[preclinic.dreamstechnologies.com/html/template/assets/plugins/icons/ionic/fonts/ioniconsaa26-2.html]
[preclinic.dreamstechnologies.com/html/template/assets/plugins/icons/ionic/fonts/ioniconsaa26-3.html]
[preclinic.dreamstechnologies.com/html/template/assets/plugins/material/fonts/materialdesignicons-webfontdf71.html]
[preclinic.dreamstechnologies.com/html/template/assets/plugins/material/fonts/materialdesignicons-webfontd41d.html]
[preclinic.dreamstechnologies.com/html/template/assets/plugins/material/fonts/materialdesignicons/materialdesignicons-webfontdf71.html]
[preclinic.dreamstechnologies.com/html/template/assets/plugins/material/fonts/materialdesignicons/materialdesignicons-webfontdf71-2.html]
[preclinic.dreamstechnologies.com/html/template/assets/plugins/material/fonts/materialdesignicons/materialdesignicons-webfontdf71-3.html]
[preclinic.dreamstechnologies.com/html/template/assets/plugins/material/fonts/Material-Design-Iconic-Fontd1f1.html]
[preclinic.dreamstechnologies.com/html/template/assets/plugins/material/fonts/Material-Design-Iconic-Fontd1f1-2.html]
[preclinic.dreamstechnologies.com/html/template/assets/plugins/icons/pe7/fonts/Pe-icon-7-strokebb1d.html]
[preclinic.dreamstechnologies.com/html/template/assets/plugins/icons/pe7/fonts/Pe-icon-7-stroked41d.html]
[preclinic.dreamstechnologies.com/html/template/assets/plugins/icons/pe7/fonts/Pe-icon-7-strokebb1d-2.html]
[preclinic.dreamstechnologies.com/html/template/assets/plugins/icons/pe7/fonts/Pe-icon-7-strokebb1d-3.html]
[preclinic.dreamstechnologies.com/html/template/assets/plugins/simpleline/fonts/Simple-Line-Iconsb26c.html]
[preclinic.dreamstechnologies.com/html/template/assets/plugins/simpleline/fonts/Simple-Line-Iconsb26c-2.html]
[preclinic.dreamstechnologies.com/html/template/assets/plugins/simpleline/fonts/Simple-Line-Iconsb26c-3.html]
[preclinic.dreamstechnologies.com/html/template/assets/plugins/simpleline/fonts/Simple-Line-Iconsb26c-4.html]
[preclinic.dreamstechnologies.com/html/template/assets/plugins/icons/themify/fonts/themify9f24.html]
[preclinic.dreamstechnologies.com/html/template/assets/plugins/icons/themify/fonts/themifyd41d.html]
[preclinic.dreamstechnologies.com/html/template/assets/plugins/icons/themify/fonts/themify9f24-2.html]
[preclinic.dreamstechnologies.com/html/template/assets/plugins/icons/themify/fonts/themify9f24-3.html]
[preclinic.dreamstechnologies.com/html/template/assets/plugins/icons/weather/fonts/weathericons-regular-webfont.html]
[preclinic.dreamstechnologies.com/html/template/assets/plugins/icons/weather/fonts/weathericons-regular-webfontd41d.html]
[preclinic.dreamstechnologies.com/html/template/assets/plugins/icons/weather/fonts/weathericons-regular-webfont-2.html]
[preclinic.dreamstechnologies.com/html/template/assets/plugins/icons/weather/fonts/weathericons-regular-webfont-3.html]
[preclinic.dreamstechnologies.com/html/template/assets/plugins/icons/weather/fonts/weathericons-regular-webfont-4.html]
[preclinic.dreamstechnologies.com/html/template/assets/plugins/icons/typicons/fonts/typicons.html]
[preclinic.dreamstechnologies.com/html/template/assets/plugins/icons/typicons/fonts/typiconsd41d.html]
[preclinic.dreamstechnologies.com/html/template/assets/plugins/icons/typicons/fonts/typicons-2.html]
[preclinic.dreamstechnologies.com/html/template/assets/plugins/icons/typicons/fonts/typicons-3.html]
[preclinic.dreamstechnologies.com/html/template/assets/plugins/light-gallery/fonts/lgd641.svg]
[preclinic.dreamstechnologies.com/html/template/assets/img/github.html]
